Archive member included to satisfy reference by file (symbol)

C:/ST/STM32CubeIDE_1.19.0/STM32CubeIDE/plugins/com.st.stm32cube.ide.mcu.externaltools.gnu-tools-for-stm32.13.3.rel1.win32_1.0.0.202411081344/tools/bin/../lib/gcc/arm-none-eabi/13.3.1/../../../../arm-none-eabi/lib/thumb/v7e-m+fp/hard\libc_nano.a(libc_a-exit.o)
                              C:/ST/STM32CubeIDE_1.19.0/STM32CubeIDE/plugins/com.st.stm32cube.ide.mcu.externaltools.gnu-tools-for-stm32.13.3.rel1.win32_1.0.0.202411081344/tools/bin/../lib/gcc/arm-none-eabi/13.3.1/../../../../arm-none-eabi/lib/thumb/v7e-m+fp/hard/crt0.o (exit)
C:/ST/STM32CubeIDE_1.19.0/STM32CubeIDE/plugins/com.st.stm32cube.ide.mcu.externaltools.gnu-tools-for-stm32.13.3.rel1.win32_1.0.0.202411081344/tools/bin/../lib/gcc/arm-none-eabi/13.3.1/../../../../arm-none-eabi/lib/thumb/v7e-m+fp/hard\libc_nano.a(libc_a-findfp.o)
                              ./Middlewares/Third_Party/FreeRTOS/Source/tasks.o (__sf)
C:/ST/STM32CubeIDE_1.19.0/STM32CubeIDE/plugins/com.st.stm32cube.ide.mcu.externaltools.gnu-tools-for-stm32.13.3.rel1.win32_1.0.0.202411081344/tools/bin/../lib/gcc/arm-none-eabi/13.3.1/../../../../arm-none-eabi/lib/thumb/v7e-m+fp/hard\libc_nano.a(libc_a-fwalk.o)
                              C:/ST/STM32CubeIDE_1.19.0/STM32CubeIDE/plugins/com.st.stm32cube.ide.mcu.externaltools.gnu-tools-for-stm32.13.3.rel1.win32_1.0.0.202411081344/tools/bin/../lib/gcc/arm-none-eabi/13.3.1/../../../../arm-none-eabi/lib/thumb/v7e-m+fp/hard\libc_nano.a(libc_a-findfp.o) (_fwalk_sglue)
C:/ST/STM32CubeIDE_1.19.0/STM32CubeIDE/plugins/com.st.stm32cube.ide.mcu.externaltools.gnu-tools-for-stm32.13.3.rel1.win32_1.0.0.202411081344/tools/bin/../lib/gcc/arm-none-eabi/13.3.1/../../../../arm-none-eabi/lib/thumb/v7e-m+fp/hard\libc_nano.a(libc_a-sprintf.o)
                              ./Middlewares/Third_Party/FreeRTOS/Source/tasks.o (sprintf)
C:/ST/STM32CubeIDE_1.19.0/STM32CubeIDE/plugins/com.st.stm32cube.ide.mcu.externaltools.gnu-tools-for-stm32.13.3.rel1.win32_1.0.0.202411081344/tools/bin/../lib/gcc/arm-none-eabi/13.3.1/../../../../arm-none-eabi/lib/thumb/v7e-m+fp/hard\libc_nano.a(libc_a-stdio.o)
                              C:/ST/STM32CubeIDE_1.19.0/STM32CubeIDE/plugins/com.st.stm32cube.ide.mcu.externaltools.gnu-tools-for-stm32.13.3.rel1.win32_1.0.0.202411081344/tools/bin/../lib/gcc/arm-none-eabi/13.3.1/../../../../arm-none-eabi/lib/thumb/v7e-m+fp/hard\libc_nano.a(libc_a-findfp.o) (__sread)
C:/ST/STM32CubeIDE_1.19.0/STM32CubeIDE/plugins/com.st.stm32cube.ide.mcu.externaltools.gnu-tools-for-stm32.13.3.rel1.win32_1.0.0.202411081344/tools/bin/../lib/gcc/arm-none-eabi/13.3.1/../../../../arm-none-eabi/lib/thumb/v7e-m+fp/hard\libc_nano.a(libc_a-memcmp.o)
                              ./Middlewares/Third_Party/FreeRTOS/Source/tasks.o (memcmp)
C:/ST/STM32CubeIDE_1.19.0/STM32CubeIDE/plugins/com.st.stm32cube.ide.mcu.externaltools.gnu-tools-for-stm32.13.3.rel1.win32_1.0.0.202411081344/tools/bin/../lib/gcc/arm-none-eabi/13.3.1/../../../../arm-none-eabi/lib/thumb/v7e-m+fp/hard\libc_nano.a(libc_a-memset.o)
                              C:/ST/STM32CubeIDE_1.19.0/STM32CubeIDE/plugins/com.st.stm32cube.ide.mcu.externaltools.gnu-tools-for-stm32.13.3.rel1.win32_1.0.0.202411081344/tools/bin/../lib/gcc/arm-none-eabi/13.3.1/../../../../arm-none-eabi/lib/thumb/v7e-m+fp/hard/crt0.o (memset)
C:/ST/STM32CubeIDE_1.19.0/STM32CubeIDE/plugins/com.st.stm32cube.ide.mcu.externaltools.gnu-tools-for-stm32.13.3.rel1.win32_1.0.0.202411081344/tools/bin/../lib/gcc/arm-none-eabi/13.3.1/../../../../arm-none-eabi/lib/thumb/v7e-m+fp/hard\libc_nano.a(libc_a-closer.o)
                              C:/ST/STM32CubeIDE_1.19.0/STM32CubeIDE/plugins/com.st.stm32cube.ide.mcu.externaltools.gnu-tools-for-stm32.13.3.rel1.win32_1.0.0.202411081344/tools/bin/../lib/gcc/arm-none-eabi/13.3.1/../../../../arm-none-eabi/lib/thumb/v7e-m+fp/hard\libc_nano.a(libc_a-stdio.o) (_close_r)
C:/ST/STM32CubeIDE_1.19.0/STM32CubeIDE/plugins/com.st.stm32cube.ide.mcu.externaltools.gnu-tools-for-stm32.13.3.rel1.win32_1.0.0.202411081344/tools/bin/../lib/gcc/arm-none-eabi/13.3.1/../../../../arm-none-eabi/lib/thumb/v7e-m+fp/hard\libc_nano.a(libc_a-reent.o)
                              ./Middlewares/Third_Party/FreeRTOS/Source/tasks.o (_reclaim_reent)
C:/ST/STM32CubeIDE_1.19.0/STM32CubeIDE/plugins/com.st.stm32cube.ide.mcu.externaltools.gnu-tools-for-stm32.13.3.rel1.win32_1.0.0.202411081344/tools/bin/../lib/gcc/arm-none-eabi/13.3.1/../../../../arm-none-eabi/lib/thumb/v7e-m+fp/hard\libc_nano.a(libc_a-impure.o)
                              ./Middlewares/Third_Party/FreeRTOS/Source/tasks.o (_impure_ptr)
C:/ST/STM32CubeIDE_1.19.0/STM32CubeIDE/plugins/com.st.stm32cube.ide.mcu.externaltools.gnu-tools-for-stm32.13.3.rel1.win32_1.0.0.202411081344/tools/bin/../lib/gcc/arm-none-eabi/13.3.1/../../../../arm-none-eabi/lib/thumb/v7e-m+fp/hard\libc_nano.a(libc_a-lseekr.o)
[...]
Memory Configuration

Name             Origin             Length             Attributes
RAM              0x20000000         0x000a0000         xrw
RAM2             0x10000000         0x00010000         xrw
RAM3             0x20040000         0x00060000         xrw
FLASH            0x08000000         0x00200000         xr
*default*        0x00000000         0xffffffff

Linker script and memory map

LOAD C:/ST/STM32CubeIDE_1.19.0/STM32CubeIDE/plugins/com.st.stm32cube.ide.mcu.externaltools.gnu-tools-for-stm32.13.3.rel1.win32_1.0.0.202411081344/tools/bin/../lib/gcc/arm-none-eabi/13.3.1/thumb/v7e-m+fp/hard/crti.o
LOAD C:/ST/STM32CubeIDE_1.19.0/STM32CubeIDE/plugins/com.st.stm32cube.ide.mcu.externaltools.gnu-tools-for-stm32.13.3.rel1.win32_1.0.0.202411081344/tools/bin/../lib/gcc/arm-none-eabi/13.3.1/thumb/v7e-m+fp/hard/crtbegin.o
LOAD C:/ST/STM32CubeIDE_1.19.0/STM32CubeIDE/plugins/com.st.stm32cube.ide.mcu.externaltools.gnu-tools-for-stm32.13.3.rel1.win32_1.0.0.202411081344/tools/bin/../lib/gcc/arm-none-eabi/13.3.1/../../../../arm-none-eabi/lib/thumb/v7e-m+fp/hard/crt0.o
LOAD ./Core/Src/freertos.o
LOAD ./Core/Src/main.o
LOAD ./Core/Src/stm32l4xx_hal_msp.o
LOAD ./Core/Src/stm32l4xx_hal_timebase_tim.o
LOAD ./Core/Src/stm32l4xx_it.o
LOAD ./Core/Src/syscalls.o
LOAD ./Core/Src/sysmem.o
LOAD ./Core/Src/system_stm32l4xx.o
LOAD ./Core/Startup/startup_stm32l4s5vitx.o
LOAD ./Drivers/STM32L4xx_HAL_Driver/Src/stm32l4xx_hal.o
LOAD ./Drivers/STM32L4xx_HAL_Driver/Src/stm32l4xx_hal_cortex.o
LOAD ./Drivers/STM32L4xx_HAL_Driver/Src/stm32l4xx_hal_dma.o
LOAD ./Drivers/STM32L4xx_HAL_Driver/Src/stm32l4xx_hal_dma_ex.o
LOAD ./Drivers/STM32L4xx_HAL_Driver/Src/stm32l4xx_hal_exti.o
LOAD ./Drivers/STM32L4xx_HAL_Driver/Src/stm32l4xx_hal_flash.o
LOAD ./Drivers/STM32L4xx_HAL_Driver/Src/stm32l4xx_hal_flash_ex.o
LOAD ./Drivers/STM32L4xx_HAL_Driver/Src/stm32l4xx_hal_flash_ramfunc.o
LOAD ./Drivers/STM32L4xx_HAL_Driver/Src/stm32l4xx_hal_gpio.o
LOAD ./Drivers/STM32L4xx_HAL_Driver/Src/stm32l4xx_hal_i2c.o
LOAD ./Drivers/STM32L4xx_HAL_Driver/Src/stm32l4xx_hal_i2c_ex.o
LOAD ./Drivers/STM32L4xx_HAL_Driver/Src/stm32l4xx_hal_pwr.o
LOAD ./Drivers/STM32L4xx_HAL_Driver/Src/stm32l4xx_hal_pwr_ex.o
LOAD ./Drivers/STM32L4xx_HAL_Driver/Src/stm32l4xx_hal_rcc.o
LOAD ./Drivers/STM32L4xx_HAL_Driver/Src/stm32l4xx_hal_rcc_ex.o
LOAD ./Drivers/STM32L4xx_HAL_Driver/Src/stm32l4xx_hal_tim.o
LOAD ./Drivers/STM32L4xx_HAL_Driver/Src/stm32l4xx_hal_tim_ex.o
LOAD ./Drivers/STM32L4xx_HAL_Driver/Src/stm32l4xx_hal_uart.o
LOAD ./Drivers/STM32L4xx_HAL_Driver/Src/stm32l4xx_hal_uart_ex.o
LOAD ./Middlewares/Third_Party/FreeRTOS/Source/CMSIS_RTOS_V2/cmsis_os2.o
LOAD ./Middlewares/Third_Party/FreeRTOS/Source/croutine.o
LOAD ./Middlewares/Third_Party/FreeRTOS/Source/event_groups.o
LOAD ./Middlewares/Third_Party/FreeRTOS/Source/list.o
LOAD ./Middlewares/Third_Party/FreeRTOS/Source/queue.o
LOAD ./Middlewares/Third_Party/FreeRTOS/Source/stream_buffer.o
LOAD ./Middlewares/Third_Party/FreeRTOS/Source/tasks.o
LOAD ./Middlewares/Third_Party/FreeRTOS/Source/timers.o
LOAD ./Middlewares/Third_Party/FreeRTOS/Source/portable/GCC/ARM_CM4F/port.o
LOAD ./Middlewares/Third_Party/FreeRTOS/Source/portable/MemMang/heap_4.o
LOAD ./Middlewares/Third_Party/Segger/SEGGER_RTT.o
LOAD ./Middlewares/Third_Party/Segger/SEGGER_RTT_ASM_ARMv7M.o
LOAD ./Middlewares/Third_Party/Segger/SEGGER_RTT_Syscalls_GCC.o
LOAD ./Middlewares/Third_Party/Segger/SEGGER_RTT_printf.o
LOAD ./Middlewares/Third_Party/Segger/SEGGER_SYSVIEW.o
LOAD ./Middlewares/Third_Party/Segger/SEGGER_SYSVIEW_Config_FreeRTOS.o
LOAD ./Middlewares/Third_Party/Segger/SEGGER_SYSVIEW_FreeRTOS.o
LOAD ./Sensors/AccelerationSensor/lsm6dsl.o
LOAD ./Sensors/AirPressureSensor/lps22hb.o
LOAD ./Sensors/HumiditySensor/hts221.o
LOAD ./Sensors/MagnetometerSensor/lis3mdl.o
LOAD ./Sensors/ToFSensor/vl53l0x/vl53l0x_api.o
LOAD ./Sensors/ToFSensor/vl53l0x/vl53l0x_api_calibration.o
LOAD ./Sensors/ToFSensor/vl53l0x/vl53l0x_api_core.o
LOAD ./Sensors/ToFSensor/vl53l0x/vl53l0x_api_ranging.o
LOAD ./Sensors/ToFSensor/vl53l0x/vl53l0x_api_strings.o
LOAD ./Sensors/ToFSensor/vl53l0x/vl53l0x_platform_log.o
LOAD ./Sensors/ToFSensor/vl53l0x/vl53l0x_tof.o
LOAD ./Sensors/ToFSensor/vl53l0x.o
START GROUP
LOAD C:/ST/STM32CubeIDE_1.19.0/STM32CubeIDE/plugins/com.st.stm32cube.ide.mcu.externaltools.gnu-tools-for-stm32.13.3.rel1.win32_1.0.0.202411081344/tools/bin/../lib/gcc/arm-none-eabi/13.3.1/../../../../arm-none-eabi/lib/thumb/v7e-m+fp/hard\libc_nano.a
LOAD C:/ST/STM32CubeIDE_1.19.0/STM32CubeIDE/plugins/com.st.stm32cube.ide.mcu.externaltools.gnu-tools-for-stm32.13.3.rel1.win32_1.0.0.202411081344/tools/bin/../lib/gcc/arm-none-eabi/13.3.1/../../../../arm-none-eabi/lib/thumb/v7e-m+fp/hard\libm.a
END GROUP
START GROUP
LOAD C:/ST/STM32CubeIDE_1.19.0/STM32CubeIDE/plugins/com.st.stm32cube.ide.mcu.externaltools.gnu-tools-for-stm32.13.3.rel1.win32_1.0.0.202411081344/tools/bin/../lib/gcc/arm-none-eabi/13.3.1/thumb/v7e-m+fp/hard\libgcc.a
LOAD C:/ST/STM32CubeIDE_1.19.0/STM32CubeIDE/plugins/com.st.stm32cube.ide.mcu.externaltools.gnu-tools-for-stm32.13.3.rel1.win32_1.0.0.202411081344/tools/bin/../lib/gcc/arm-none-eabi/13.3.1/../../../../arm-none-eabi/lib/thumb/v7e-m+fp/hard\libc_nano.a
END GROUP
START GROUP
LOAD C:/ST/STM32CubeIDE_1.19.0/STM32CubeIDE/plugins/com.st.stm32cube.ide.mcu.externaltools.gnu-tools-for-stm32.13.3.rel1.win32_1.0.0.202411081344/tools/bin/../lib/gcc/arm-none-eabi/13.3.1/thumb/v7e-m+fp/hard\libgcc.a
LOAD C:/ST/STM32CubeIDE_1.19.0/STM32CubeIDE/plugins/com.st.stm32cube.ide.mcu.externaltools.gnu-tools-for-stm32.13.3.rel1.win32_1.0.0.202411081344/tools/bin/../lib/gcc/arm-none-eabi/13.3.1/../../../../arm-none-eabi/lib/thumb/v7e-m+fp/hard\libc_nano.a
LOAD C:/ST/STM32CubeIDE_1.19.0/STM32CubeIDE/plugins/com.st.stm32cube.ide.mcu.externaltools.gnu-tools-for-stm32.13.3.rel1.win32_1.0.0.202411081344/tools/bin/../lib/gcc/arm-none-eabi/13.3.1/../../../../arm-none-eabi/lib/thumb/v7e-m+fp/hard\libnosys.a
END GROUP
START GROUP
LOAD C:/ST/STM32CubeIDE_1.19.0/STM32CubeIDE/plugins/com.st.stm32cube.ide.mcu.externaltools.gnu-tools-for-stm32.13.3.rel1.win32_1.0.0.202411081344/tools/bin/../lib/gcc/arm-none-eabi/13.3.1/thumb/v7e-m+fp/hard\libgcc.a
LOAD C:/ST/STM32CubeIDE_1.19.0/STM32CubeIDE/plugins/com.st.stm32cube.ide.mcu.externaltools.gnu-tools-for-stm32.13.3.rel1.win32_1.0.0.202411081344/tools/bin/../lib/gcc/arm-none-eabi/13.3.1/../../../../arm-none-eabi/lib/thumb/v7e-m+fp/hard\libc_nano.a
LOAD C:/ST/STM32CubeIDE_1.19.0/STM32CubeIDE/plugins/com.st.stm32cube.ide.mcu.externaltools.gnu-tools-for-stm32.13.3.rel1.win32_1.0.0.202411081344/tools/bin/../lib/gcc/arm-none-eabi/13.3.1/../../../../arm-none-eabi/lib/thumb/v7e-m+fp/hard\libnosys.a
END GROUP
LOAD C:/ST/STM32CubeIDE_1.19.0/STM32CubeIDE/plugins/com.st.stm32cube.ide.mcu.externaltools.gnu-tools-for-stm32.13.3.rel1.win32_1.0.0.202411081344/tools/bin/../lib/gcc/arm-none-eabi/13.3.1/thumb/v7e-m+fp/hard/crtend.o
LOAD C:/ST/STM32CubeIDE_1.19.0/STM32CubeIDE/plugins/com.st.stm32cube.ide.mcu.externaltools.gnu-tools-for-stm32.13.3.rel1.win32_1.0.0.202411081344/tools/bin/../lib/gcc/arm-none-eabi/13.3.1/thumb/v7e-m+fp/hard/crtn.o
                0x200a0000                        _estack = (ORIGIN (RAM) + LENGTH (RAM))
                0x00000200                        _Min_Heap_Size = 0x200
                0x00000400                        _Min_Stack_Size = 0x400

.isr_vector     0x08000000      0x1bc
                0x08000000                        . = ALIGN (0x4)
 *(.isr_vector)
 .isr_vector    0x08000000      0x1bc ./Core/Startup/startup_stm32l4s5vitx.o
                0x08000000                g_pfnVectors
                0x080001bc                        . = ALIGN (0x4)

.text           0x080001c0    0x13be8
                0x080001c0                        . = ALIGN (0x4)
 *(.text)
 .text          0x080001c0       0x40 C:/ST/STM32CubeIDE_1.19.0/STM32CubeIDE/plugins/com.st.stm32cube.ide.mcu.externaltools.gnu-tools-for-stm32.13.3.rel1.win32_1.0.0.202411081344/tools/bin/../lib/gcc/arm-none-eabi/13.3.1/thumb/v7e-m+fp/hard/crtbegin.o
 .text          0x08000200       0x94 ./Middlewares/Third_Party/Segger/SEGGER_RTT_ASM_ARMv7M.o
                0x08000200                SEGGER_RTT_ASM_WriteSkipNoLock
 .text          0x08000294      0x378 C:/ST/STM32CubeIDE_1.19.0/STM32CubeIDE/plugins/com.st.stm32cube.ide.mcu.externaltools.gnu-tools-for-stm32.13.3.rel1.win32_1.0.0.202411081344/tools/bin/../lib/gcc/arm-none-eabi/13.3.1/thumb/v7e-m+fp/hard\libgcc.a(_arm_addsubdf3.o)
                0x08000294                __aeabi_drsub
                0x0800029c                __aeabi_dsub
                0x0800029c                __subdf3
                0x080002a0                __aeabi_dadd
                0x080002a0                __adddf3
                0x08000518                __floatunsidf
                0x08000518                __aeabi_ui2d
                0x08000538                __floatsidf
                0x08000538                __aeabi_i2d
                0x0800055c                __aeabi_f2d
                0x0800055c                __extendsfdf2
                0x080005a0                __floatundidf
                0x080005a0                __aeabi_ul2d
                0x080005b0                __floatdidf
                0x080005b0                __aeabi_l2d
 .text          0x0800060c      0x424 C:/ST/STM32CubeIDE_1.19.0/STM32CubeIDE/plugins/com.st.stm32cube.ide.mcu.externaltools.gnu-tools-for-stm32.13.3.rel1.win32_1.0.0.202411081344/tools/bin/../lib/gcc/arm-none-eabi/13.3.1/thumb/v7e-m+fp/hard\libgcc.a(_arm_muldivdf3.o)
                0x0800060c                __aeabi_dmul
                0x0800060c                __muldf3
                0x08000860                __divdf3
                0x08000860                __aeabi_ddiv
 .text          0x08000a30       0xa0 C:/ST/STM32CubeIDE_1.19.0/STM32CubeIDE/plugins/com.st.stm32cube.ide.mcu.externaltools.gnu-tools-for-stm32.13.3.rel1.win32_1.0.0.202411081344/tools/bin/../lib/gcc/arm-none-eabi/13.3.1/thumb/v7e-m+fp/hard\libgcc.a(_arm_truncdfsf2.o)
                0x08000a30                __truncdfsf2
                0x08000a30                __aeabi_d2f
 .text          0x08000ad0       0x30 C:/ST/STM32CubeIDE_1.19.0/STM32CubeIDE/plugins/com.st.stm32cube.ide.mcu.externaltools.gnu-tools-for-stm32.13.3.rel1.win32_1.0.0.202411081344/tools/bin/../lib/gcc/arm-none-eabi/13.3.1/thumb/v7e-m+fp/hard\libgcc.a(_aeabi_uldivmod.o)
                0x08000ad0                __aeabi_uldivmod
 .text          0x08000b00      0x2f8 C:/ST/STM32CubeIDE_1.19.0/STM32CubeIDE/plugins/com.st.stm32cube.ide.mcu.externaltools.gnu-tools-for-stm32.13.3.rel1.win32_1.0.0.202411081344/tools/bin/../lib/gcc/arm-none-eabi/13.3.1/thumb/v7e-m+fp/hard\libgcc.a(_udivmoddi4.o)
                0x08000b00                __udivmoddi4
 .text          0x08000df8        0x4 C:/ST/STM32CubeIDE_1.19.0/STM32CubeIDE/plugins/com.st.stm32cube.ide.mcu.externaltools.gnu-tools-for-stm32.13.3.rel1.win32_1.0.0.202411081344/tools/bin/../lib/gcc/arm-none-eabi/13.3.1/thumb/v7e-m+fp/hard\libgcc.a(_dvmd_tls.o)
                0x08000df8                __aeabi_idiv0
                0x08000df8                __aeabi_ldiv0
 *(.text*)
 .text.configureTimerForRunTimeStats
                0x08000dfc        0xe ./Core/Src/freertos.o
                0x08000dfc                configureTimerForRunTimeStats
 .text.getRunTimeCounterValue
                0x08000e0a       0x10 ./Core/Src/freertos.o
                0x08000e0a                getRunTimeCounterValue
 *fill*         0x08000e1a        0x2 
 .text.main     0x08000e1c      0x170 ./Core/Src/main.o
                0x08000e1c                main
 .text.SystemClock_Config
                0x08000f8c       0xa2 ./Core/Src/main.o
                0x08000f8c                SystemClock_Config
 *fill*         0x0800102e        0x2 
 .text.MX_I2C2_Init
                0x08001030       0x80 ./Core/Src/main.o
 .text.MX_USART1_UART_Init
                0x080010b0       0x98 ./Core/Src/main.o
 .text.MX_DMA_Init
                0x08001148       0x84 ./Core/Src/main.o
 .text.MX_GPIO_Init
                0x080011cc      0x15c ./Core/Src/main.o
 .text.StartDefaultTask
                0x08001328       0x10 ./Core/Src/main.o
                0x08001328                StartDefaultTask
 .text.IMU_Task
                0x08001338       0x38 ./Core/Src/main.o
                0x08001338                IMU_Task
 .text.Magneto_Task
                0x08001370       0x38 ./Core/Src/main.o
                0x08001370                Magneto_Task
 .text.ToF_Task
                0x080013a8       0x38 ./Core/Src/main.o
                0x080013a8                ToF_Task
 .text.Baro_Task
                0x080013e0       0x38 ./Core/Src/main.o
                0x080013e0                Baro_Task
 .text.Humidity_Task
                0x08001418       0x38 ./Core/Src/main.o
                0x08001418                Humidity_Task
 .text.Init_Task
                0x08001450       0x4c ./Core/Src/main.o
                0x08001450                Init_Task
 .text.Data_Transmit_Task
                0x0800149c       0x80 ./Core/Src/main.o
                0x0800149c                Data_Transmit_Task
 .text.Data_Filter_Task
                0x0800151c       0x10 ./Core/Src/main.o
                0x0800151c                Data_Filter_Task
 .text.HAL_TIM_PeriodElapsedCallback
                0x0800152c       0x24 ./Core/Src/main.o
                0x0800152c                HAL_TIM_PeriodElapsedCallback
 .text.Error_Handler
                0x08001550        0xc ./Core/Src/main.o
                0x08001550                Error_Handler
 .text.HAL_MspInit
                0x0800155c       0x50 ./Core/Src/stm32l4xx_hal_msp.o
                0x0800155c                HAL_MspInit
 .text.HAL_I2C_MspInit
                0x080015ac      0x184 ./Core/Src/stm32l4xx_hal_msp.o
                0x080015ac                HAL_I2C_MspInit
 .text.HAL_UART_MspInit
                0x08001730      0x184 ./Core/Src/stm32l4xx_hal_msp.o
                0x08001730                HAL_UART_MspInit
 .text.HAL_InitTick
                0x080018b4       0xec ./Core/Src/stm32l4xx_hal_timebase_tim.o
                0x080018b4                HAL_InitTick
 .text.TimeBase_TIM_PeriodElapsedCallback
                0x080019a0       0x14 ./Core/Src/stm32l4xx_hal_timebase_tim.o
                0x080019a0                TimeBase_TIM_PeriodElapsedCallback
 .text.NMI_Handler
                0x080019b4        0x8 ./Core/Src/stm32l4xx_it.o
                0x080019b4                NMI_Handler
 .text.HardFault_Handler
                0x080019bc        0x8 ./Core/Src/stm32l4xx_it.o
                0x080019bc                HardFault_Handler
 .text.MemManage_Handler
                0x080019c4        0x8 ./Core/Src/stm32l4xx_it.o
                0x080019c4                MemManage_Handler
 .text.BusFault_Handler
                0x080019cc        0x8 ./Core/Src/stm32l4xx_it.o
                0x080019cc                BusFault_Handler
 .text.UsageFault_Handler
                0x080019d4        0x8 ./Core/Src/stm32l4xx_it.o
                0x080019d4                UsageFault_Handler
 .text.DebugMon_Handler
                0x080019dc        0xe ./Core/Src/stm32l4xx_it.o
                0x080019dc                DebugMon_Handler
 *fill*         0x080019ea        0x2 
 .text.DMA1_Channel1_IRQHandler
                0x080019ec       0x1c ./Core/Src/stm32l4xx_it.o
                0x080019ec                DMA1_Channel1_IRQHandler
 .text.DMA1_Channel2_IRQHandler
                0x08001a08       0x1c ./Core/Src/stm32l4xx_it.o
                0x08001a08                DMA1_Channel2_IRQHandler
 .text.DMA1_Channel3_IRQHandler
                0x08001a24       0x1c ./Core/Src/stm32l4xx_it.o
                0x08001a24                DMA1_Channel3_IRQHandler
 .text.DMA1_Channel4_IRQHandler
                0x08001a40       0x28 ./Core/Src/stm32l4xx_it.o
                0x08001a40                DMA1_Channel4_IRQHandler
 .text.EXTI9_5_IRQHandler
                0x08001a68       0x1e ./Core/Src/stm32l4xx_it.o
                0x08001a68                EXTI9_5_IRQHandler
 *fill*         0x08001a86        0x2 
 .text.TIM1_TRG_COM_TIM17_IRQHandler
                0x08001a88       0x14 ./Core/Src/stm32l4xx_it.o
                0x08001a88                TIM1_TRG_COM_TIM17_IRQHandler
 .text.I2C2_EV_IRQHandler
                0x08001a9c       0x1c ./Core/Src/stm32l4xx_it.o
                0x08001a9c                I2C2_EV_IRQHandler
 .text.USART1_IRQHandler
                0x08001ab8       0x1c ./Core/Src/stm32l4xx_it.o
                0x08001ab8                USART1_IRQHandler
 .text.EXTI15_10_IRQHandler
                0x08001ad4       0x30 ./Core/Src/stm32l4xx_it.o
                0x08001ad4                EXTI15_10_IRQHandler
 .text.HAL_GPIO_EXTI_Callback
                0x08001b04      0x114 ./Core/Src/stm32l4xx_it.o
                0x08001b04                HAL_GPIO_EXTI_Callback
 .text.SystemInit
                0x08001c18       0x24 ./Core/Src/system_stm32l4xx.o
                0x08001c18                SystemInit
 .text.Reset_Handler
                0x08001c3c       0x50 ./Core/Startup/startup_stm32l4s5vitx.o
                0x08001c3c                Reset_Handler
 .text.Default_Handler
                0x08001c8c        0x2 ./Core/Startup/startup_stm32l4s5vitx.o
                0x08001c8c                RTC_Alarm_IRQHandler
                0x08001c8c                EXTI2_IRQHandler
                0x08001c8c                TIM8_TRG_COM_IRQHandler
                0x08001c8c                TIM8_CC_IRQHandler
                0x08001c8c                TIM1_CC_IRQHandler
                0x08001c8c                TSC_IRQHandler
                0x08001c8c                TAMP_STAMP_IRQHandler
                0x08001c8c                EXTI3_IRQHandler
                0x08001c8c                LPTIM2_IRQHandler
                0x08001c8c                DFSDM1_FLT1_IRQHandler
                0x08001c8c                GFXMMU_IRQHandler
                0x08001c8c                I2C3_ER_IRQHandler
                0x08001c8c                DFSDM1_FLT2_IRQHandler
                0x08001c8c                EXTI0_IRQHandler
                0x08001c8c                CAN1_RX0_IRQHandler
                0x08001c8c                FPU_IRQHandler
                0x08001c8c                TIM1_UP_TIM16_IRQHandler
                0x08001c8c                LTDC_ER_IRQHandler
                0x08001c8c                SPI1_IRQHandler
                0x08001c8c                OCTOSPI1_IRQHandler
                0x08001c8c                TIM6_DAC_IRQHandler
                0x08001c8c                DCMI_IRQHandler
                0x08001c8c                TIM8_UP_IRQHandler
                0x08001c8c                OCTOSPI2_IRQHandler
                0x08001c8c                DMA2_Channel2_IRQHandler
                0x08001c8c                SAI2_IRQHandler
                0x08001c8c                ADC1_IRQHandler
                0x08001c8c                DFSDM1_FLT3_IRQHandler
                0x08001c8c                USART3_IRQHandler
                0x08001c8c                DMA1_Channel7_IRQHandler
                0x08001c8c                CAN1_RX1_IRQHandler
                0x08001c8c                UART5_IRQHandler
                0x08001c8c                TIM4_IRQHandler
                0x08001c8c                DMA2_Channel1_IRQHandler
                0x08001c8c                I2C1_EV_IRQHandler
                0x08001c8c                DMAMUX1_OVR_IRQHandler
                0x08001c8c                DMA1_Channel6_IRQHandler
                0x08001c8c                UART4_IRQHandler
                0x08001c8c                DMA2_Channel4_IRQHandler
                0x08001c8c                TIM3_IRQHandler
                0x08001c8c                RCC_IRQHandler
                0x08001c8c                Default_Handler
                0x08001c8c                DMA2_Channel7_IRQHandler
                0x08001c8c                TIM7_IRQHandler
                0x08001c8c                SDMMC1_IRQHandler
                0x08001c8c                TIM5_IRQHandler
                0x08001c8c                I2C3_EV_IRQHandler
                0x08001c8c                RTC_WKUP_IRQHandler
                0x08001c8c                LTDC_IRQHandler
                0x08001c8c                PVD_PVM_IRQHandler
                0x08001c8c                SPI2_IRQHandler
                0x08001c8c                CAN1_TX_IRQHandler
                0x08001c8c                DMA2_Channel5_IRQHandler
                0x08001c8c                DMA1_Channel5_IRQHandler
                0x08001c8c                EXTI4_IRQHandler
                0x08001c8c                RNG_IRQHandler
                0x08001c8c                COMP_IRQHandler
                0x08001c8c                HASH_CRS_IRQHandler
                0x08001c8c                WWDG_IRQHandler
                0x08001c8c                I2C4_EV_IRQHandler
                0x08001c8c                LPUART1_IRQHandler
                0x08001c8c                DMA2_Channel6_IRQHandler
                0x08001c8c                TIM2_IRQHandler
                0x08001c8c                DMA2D_IRQHandler
                0x08001c8c                EXTI1_IRQHandler
                0x08001c8c                AES_IRQHandler
                0x08001c8c                USART2_IRQHandler
                0x08001c8c                DFSDM1_FLT0_IRQHandler
                0x08001c8c                I2C2_ER_IRQHandler
                0x08001c8c                TIM8_BRK_IRQHandler
                0x08001c8c                CAN1_SCE_IRQHandler
                0x08001c8c                FLASH_IRQHandler
                0x08001c8c                OTG_FS_IRQHandler
                0x08001c8c                SPI3_IRQHandler
                0x08001c8c                I2C1_ER_IRQHandler
                0x08001c8c                FMC_IRQHandler
                0x08001c8c                LPTIM1_IRQHandler
                0x08001c8c                I2C4_ER_IRQHandler
                0x08001c8c                SAI1_IRQHandler
                0x08001c8c                DMA2_Channel3_IRQHandler
                0x08001c8c                TIM1_BRK_TIM15_IRQHandler
 .text.HAL_Init
                0x08001c8e       0x30 ./Drivers/STM32L4xx_HAL_Driver/Src/stm32l4xx_hal.o
                0x08001c8e                HAL_Init
 *fill*         0x08001cbe        0x2 
 .text.HAL_IncTick
                0x08001cc0       0x28 ./Drivers/STM32L4xx_HAL_Driver/Src/stm32l4xx_hal.o
                0x08001cc0                HAL_IncTick
 .text.HAL_GetTick
                0x08001ce8       0x18 ./Drivers/STM32L4xx_HAL_Driver/Src/stm32l4xx_hal.o
                0x08001ce8                HAL_GetTick
 .text.HAL_Delay
                0x08001d00       0x48 ./Drivers/STM32L4xx_HAL_Driver/Src/stm32l4xx_hal.o
                0x08001d00                HAL_Delay
 .text.__NVIC_SetPriorityGrouping
                0x08001d48       0x48 ./Drivers/STM32L4xx_HAL_Driver/Src/stm32l4xx_hal_cortex.o
 .text.__NVIC_GetPriorityGrouping
                0x08001d90       0x1c ./Drivers/STM32L4xx_HAL_Driver/Src/stm32l4xx_hal_cortex.o
 .text.__NVIC_EnableIRQ
                0x08001dac       0x3c ./Drivers/STM32L4xx_HAL_Driver/Src/stm32l4xx_hal_cortex.o
 .text.__NVIC_ClearPendingIRQ
                0x08001de8       0x3c ./Drivers/STM32L4xx_HAL_Driver/Src/stm32l4xx_hal_cortex.o
 .text.__NVIC_SetPriority
                0x08001e24       0x54 ./Drivers/STM32L4xx_HAL_Driver/Src/stm32l4xx_hal_cortex.o
 .text.NVIC_EncodePriority
                0x08001e78       0x66 ./Drivers/STM32L4xx_HAL_Driver/Src/stm32l4xx_hal_cortex.o
 .text.HAL_NVIC_SetPriorityGrouping
                0x08001ede       0x16 ./Drivers/STM32L4xx_HAL_Driver/Src/stm32l4xx_hal_cortex.o
                0x08001ede                HAL_NVIC_SetPriorityGrouping
 .text.HAL_NVIC_SetPriority
                0x08001ef4       0x38 ./Drivers/STM32L4xx_HAL_Driver/Src/stm32l4xx_hal_cortex.o
                0x08001ef4                HAL_NVIC_SetPriority
 .text.HAL_NVIC_EnableIRQ
                0x08001f2c       0x1c ./Drivers/STM32L4xx_HAL_Driver/Src/stm32l4xx_hal_cortex.o
                0x08001f2c                HAL_NVIC_EnableIRQ
 .text.HAL_NVIC_ClearPendingIRQ
                0x08001f48       0x1c ./Drivers/STM32L4xx_HAL_Driver/Src/stm32l4xx_hal_cortex.o
                0x08001f48                HAL_NVIC_ClearPendingIRQ
 .text.HAL_DMA_Init
                0x08001f64      0x150 ./Drivers/STM32L4xx_HAL_Driver/Src/stm32l4xx_hal_dma.o
                0x08001f64                HAL_DMA_Init
 .text.HAL_DMA_Start_IT
                0x080020b4       0xf6 ./Drivers/STM32L4xx_HAL_Driver/Src/stm32l4xx_hal_dma.o
                0x080020b4                HAL_DMA_Start_IT
 .text.HAL_DMA_Abort
                0x080021aa       0xb8 ./Drivers/STM32L4xx_HAL_Driver/Src/stm32l4xx_hal_dma.o
                0x080021aa                HAL_DMA_Abort
 .text.HAL_DMA_Abort_IT
                0x08002262       0xbe ./Drivers/STM32L4xx_HAL_Driver/Src/stm32l4xx_hal_dma.o
                0x08002262                HAL_DMA_Abort_IT
 .text.HAL_DMA_IRQHandler
                0x08002320      0x15e ./Drivers/STM32L4xx_HAL_Driver/Src/stm32l4xx_hal_dma.o
                0x08002320                HAL_DMA_IRQHandler
 .text.HAL_DMA_GetState
                0x0800247e       0x1c ./Drivers/STM32L4xx_HAL_Driver/Src/stm32l4xx_hal_dma.o
                0x0800247e                HAL_DMA_GetState
 .text.DMA_SetConfig
                0x0800249a       0x7c ./Drivers/STM32L4xx_HAL_Driver/Src/stm32l4xx_hal_dma.o
 *fill*         0x08002516        0x2 
 .text.DMA_CalcDMAMUXChannelBaseAndMask
                0x08002518       0x7c ./Drivers/STM32L4xx_HAL_Driver/Src/stm32l4xx_hal_dma.o
 .text.DMA_CalcDMAMUXRequestGenBaseAndMask
                0x08002594       0x48 ./Drivers/STM32L4xx_HAL_Driver/Src/stm32l4xx_hal_dma.o
 .text.HAL_GPIO_Init
                0x080025dc      0x324 ./Drivers/STM32L4xx_HAL_Driver/Src/stm32l4xx_hal_gpio.o
                0x080025dc                HAL_GPIO_Init
 .text.HAL_GPIO_WritePin
                0x08002900       0x30 ./Drivers/STM32L4xx_HAL_Driver/Src/stm32l4xx_hal_gpio.o
                0x08002900                HAL_GPIO_WritePin
 .text.HAL_GPIO_EXTI_IRQHandler
                0x08002930       0x30 ./Drivers/STM32L4xx_HAL_Driver/Src/stm32l4xx_hal_gpio.o
                0x08002930                HAL_GPIO_EXTI_IRQHandler
 .text.HAL_I2C_Init
                0x08002960      0x136 ./Drivers/STM32L4xx_HAL_Driver/Src/stm32l4xx_hal_i2c.o
                0x08002960                HAL_I2C_Init
 *fill*         0x08002a96        0x2 
 .text.HAL_I2C_Master_Transmit_DMA
                0x08002a98      0x228 ./Drivers/STM32L4xx_HAL_Driver/Src/stm32l4xx_hal_i2c.o
                0x08002a98                HAL_I2C_Master_Transmit_DMA
 .text.HAL_I2C_Master_Receive_DMA
                0x08002cc0      0x1e0 ./Drivers/STM32L4xx_HAL_Driver/Src/stm32l4xx_hal_i2c.o
                0x08002cc0                HAL_I2C_Master_Receive_DMA
 .text.HAL_I2C_Mem_Write_DMA
                0x08002ea0      0x1cc ./Drivers/STM32L4xx_HAL_Driver/Src/stm32l4xx_hal_i2c.o
                0x08002ea0                HAL_I2C_Mem_Write_DMA
 .text.HAL_I2C_Mem_Read_DMA
                0x0800306c      0x1cc ./Drivers/STM32L4xx_HAL_Driver/Src/stm32l4xx_hal_i2c.o
                0x0800306c                HAL_I2C_Mem_Read_DMA
 .text.HAL_I2C_EV_IRQHandler
                0x08003238       0x34 ./Drivers/STM32L4xx_HAL_Driver/Src/stm32l4xx_hal_i2c.o
                0x08003238                HAL_I2C_EV_IRQHandler
 .text.HAL_I2C_MasterTxCpltCallback
                0x0800326c       0x14 ./Drivers/STM32L4xx_HAL_Driver/Src/stm32l4xx_hal_i2c.o
                0x0800326c                HAL_I2C_MasterTxCpltCallback
 .text.HAL_I2C_MasterRxCpltCallback
                0x08003280       0x14 ./Drivers/STM32L4xx_HAL_Driver/Src/stm32l4xx_hal_i2c.o
                0x08003280                HAL_I2C_MasterRxCpltCallback
 .text.HAL_I2C_SlaveTxCpltCallback
                0x08003294       0x14 ./Drivers/STM32L4xx_HAL_Driver/Src/stm32l4xx_hal_i2c.o
                0x08003294                HAL_I2C_SlaveTxCpltCallback
 .text.HAL_I2C_SlaveRxCpltCallback
                0x080032a8       0x14 ./Drivers/STM32L4xx_HAL_Driver/Src/stm32l4xx_hal_i2c.o
                0x080032a8                HAL_I2C_SlaveRxCpltCallback
 .text.HAL_I2C_AddrCallback
                0x080032bc       0x1c ./Drivers/STM32L4xx_HAL_Driver/Src/stm32l4xx_hal_i2c.o
                0x080032bc                HAL_I2C_AddrCallback
 .text.HAL_I2C_ListenCpltCallback
                0x080032d8       0x14 ./Drivers/STM32L4xx_HAL_Driver/Src/stm32l4xx_hal_i2c.o
                0x080032d8                HAL_I2C_ListenCpltCallback
 .text.HAL_I2C_MemTxCpltCallback
                0x080032ec       0x14 ./Drivers/STM32L4xx_HAL_Driver/Src/stm32l4xx_hal_i2c.o
                0x080032ec                HAL_I2C_MemTxCpltCallback
 .text.HAL_I2C_MemRxCpltCallback
                0x08003300       0x14 ./Drivers/STM32L4xx_HAL_Driver/Src/stm32l4xx_hal_i2c.o
                0x08003300                HAL_I2C_MemRxCpltCallback
 .text.HAL_I2C_ErrorCallback
                0x08003314       0x14 ./Drivers/STM32L4xx_HAL_Driver/Src/stm32l4xx_hal_i2c.o
                0x08003314                HAL_I2C_ErrorCallback
 .text.HAL_I2C_AbortCpltCallback
                0x08003328       0x14 ./Drivers/STM32L4xx_HAL_Driver/Src/stm32l4xx_hal_i2c.o
                0x08003328                HAL_I2C_AbortCpltCallback
 .text.I2C_Master_ISR_IT
                0x0800333c      0x284 ./Drivers/STM32L4xx_HAL_Driver/Src/stm32l4xx_hal_i2c.o
 .text.I2C_Slave_ISR_IT
                0x080035c0      0x208 ./Drivers/STM32L4xx_HAL_Driver/Src/stm32l4xx_hal_i2c.o
 .text.I2C_Master_ISR_DMA
                0x080037c8      0x204 ./Drivers/STM32L4xx_HAL_Driver/Src/stm32l4xx_hal_i2c.o
 .text.I2C_Mem_ISR_DMA
                0x080039cc      0x29c ./Drivers/STM32L4xx_HAL_Driver/Src/stm32l4xx_hal_i2c.o
 .text.I2C_Slave_ISR_DMA
                0x08003c68      0x1c2 ./Drivers/STM32L4xx_HAL_Driver/Src/stm32l4xx_hal_i2c.o
 .text.I2C_ITAddrCplt
                0x08003e2a      0x108 ./Drivers/STM32L4xx_HAL_Driver/Src/stm32l4xx_hal_i2c.o
 .text.I2C_ITMasterSeqCplt
                0x08003f32       0x7a ./Drivers/STM32L4xx_HAL_Driver/Src/stm32l4xx_hal_i2c.o
 .text.I2C_ITSlaveSeqCplt
                0x08003fac       0xbc ./Drivers/STM32L4xx_HAL_Driver/Src/stm32l4xx_hal_i2c.o
 .text.I2C_ITMasterCplt
                0x08004068      0x194 ./Drivers/STM32L4xx_HAL_Driver/Src/stm32l4xx_hal_i2c.o
 .text.I2C_ITSlaveCplt
                0x080041fc      0x2d4 ./Drivers/STM32L4xx_HAL_Driver/Src/stm32l4xx_hal_i2c.o
 .text.I2C_ITListenCplt
                0x080044d0       0xac ./Drivers/STM32L4xx_HAL_Driver/Src/stm32l4xx_hal_i2c.o
 .text.I2C_ITError
                0x0800457c      0x1e0 ./Drivers/STM32L4xx_HAL_Driver/Src/stm32l4xx_hal_i2c.o
 .text.I2C_TreatErrorCallback
                0x0800475c       0x4e ./Drivers/STM32L4xx_HAL_Driver/Src/stm32l4xx_hal_i2c.o
 .text.I2C_Flush_TXDR
                0x080047aa       0x48 ./Drivers/STM32L4xx_HAL_Driver/Src/stm32l4xx_hal_i2c.o
 .text.I2C_DMAMasterTransmitCplt
                0x080047f2       0x96 ./Drivers/STM32L4xx_HAL_Driver/Src/stm32l4xx_hal_i2c.o
 .text.I2C_DMAMasterReceiveCplt
                0x08004888       0xb2 ./Drivers/STM32L4xx_HAL_Driver/Src/stm32l4xx_hal_i2c.o
 .text.I2C_DMAError
                0x0800493a       0x2e ./Drivers/STM32L4xx_HAL_Driver/Src/stm32l4xx_hal_i2c.o
 .text.I2C_DMAAbort
                0x08004968       0x3c ./Drivers/STM32L4xx_HAL_Driver/Src/stm32l4xx_hal_i2c.o
 .text.I2C_TransferConfig
                0x080049a4       0x64 ./Drivers/STM32L4xx_HAL_Driver/Src/stm32l4xx_hal_i2c.o
 .text.I2C_Enable_IRQ
                0x08004a08      0x108 ./Drivers/STM32L4xx_HAL_Driver/Src/stm32l4xx_hal_i2c.o
 .text.I2C_Disable_IRQ
                0x08004b10       0xbc ./Drivers/STM32L4xx_HAL_Driver/Src/stm32l4xx_hal_i2c.o
 .text.HAL_I2CEx_ConfigAnalogFilter
                0x08004bcc       0x96 ./Drivers/STM32L4xx_HAL_Driver/Src/stm32l4xx_hal_i2c_ex.o
                0x08004bcc                HAL_I2CEx_ConfigAnalogFilter
 .text.HAL_I2CEx_ConfigDigitalFilter
                0x08004c62       0x98 ./Drivers/STM32L4xx_HAL_Driver/Src/stm32l4xx_hal_i2c_ex.o
                0x08004c62                HAL_I2CEx_ConfigDigitalFilter
 *fill*         0x08004cfa        0x2 
 .text.HAL_PWREx_GetVoltageRange
                0x08004cfc       0x40 ./Drivers/STM32L4xx_HAL_Driver/Src/stm32l4xx_hal_pwr_ex.o
                0x08004cfc                HAL_PWREx_GetVoltageRange
 .text.HAL_PWREx_ControlVoltageScaling
                0x08004d3c      0x148 ./Drivers/STM32L4xx_HAL_Driver/Src/stm32l4xx_hal_pwr_ex.o
                0x08004d3c                HAL_PWREx_ControlVoltageScaling
 .text.HAL_RCC_OscConfig
                0x08004e84      0x834 ./Drivers/STM32L4xx_HAL_Driver/Src/stm32l4xx_hal_rcc.o
                0x08004e84                HAL_RCC_OscConfig
 .text.HAL_RCC_ClockConfig
                0x080056b8      0x274 ./Drivers/STM32L4xx_HAL_Driver/Src/stm32l4xx_hal_rcc.o
                0x080056b8                HAL_RCC_ClockConfig
 .text.HAL_RCC_GetSysClockFreq
                0x0800592c      0x118 ./Drivers/STM32L4xx_HAL_Driver/Src/stm32l4xx_hal_rcc.o
                0x0800592c                HAL_RCC_GetSysClockFreq
 .text.HAL_RCC_GetHCLKFreq
                0x08005a44       0x18 ./Drivers/STM32L4xx_HAL_Driver/Src/stm32l4xx_hal_rcc.o
                0x08005a44                HAL_RCC_GetHCLKFreq
 .text.HAL_RCC_GetPCLK1Freq
                0x08005a5c       0x2c ./Drivers/STM32L4xx_HAL_Driver/Src/stm32l4xx_hal_rcc.o
                0x08005a5c                HAL_RCC_GetPCLK1Freq
 .text.HAL_RCC_GetPCLK2Freq
                0x08005a88       0x2c ./Drivers/STM32L4xx_HAL_Driver/Src/stm32l4xx_hal_rcc.o
                0x08005a88                HAL_RCC_GetPCLK2Freq
 .text.HAL_RCC_GetClockConfig
                0x08005ab4       0x64 ./Drivers/STM32L4xx_HAL_Driver/Src/stm32l4xx_hal_rcc.o
                0x08005ab4                HAL_RCC_GetClockConfig
 .text.RCC_SetFlashLatencyFromMSIRange
                0x08005b18       0xb4 ./Drivers/STM32L4xx_HAL_Driver/Src/stm32l4xx_hal_rcc.o
 .text.RCC_GetSysClockFreqFromPLLSource
                0x08005bcc       0xcc ./Drivers/STM32L4xx_HAL_Driver/Src/stm32l4xx_hal_rcc.o
 .text.HAL_RCCEx_PeriphCLKConfig
                0x08005c98      0x660 ./Drivers/STM32L4xx_HAL_Driver/Src/stm32l4xx_hal_rcc_ex.o
                0x08005c98                HAL_RCCEx_PeriphCLKConfig
 .text.RCCEx_PLLSAI1_Config
                0x080062f8      0x1e8 ./Drivers/STM32L4xx_HAL_Driver/Src/stm32l4xx_hal_rcc_ex.o
 .text.RCCEx_PLLSAI2_Config
                0x080064e0      0x1e8 ./Drivers/STM32L4xx_HAL_Driver/Src/stm32l4xx_hal_rcc_ex.o
 .text.HAL_TIM_Base_Init
                0x080066c8       0xc8 ./Drivers/STM32L4xx_HAL_Driver/Src/stm32l4xx_hal_tim.o
                0x080066c8                HAL_TIM_Base_Init
 .text.HAL_TIM_Base_MspInit
                0x08006790       0x14 ./Drivers/STM32L4xx_HAL_Driver/Src/stm32l4xx_hal_tim.o
                0x08006790                HAL_TIM_Base_MspInit
 .text.HAL_TIM_Base_Start_IT
                0x080067a4       0xe0 ./Drivers/STM32L4xx_HAL_Driver/Src/stm32l4xx_hal_tim.o
                0x080067a4                HAL_TIM_Base_Start_IT
 .text.HAL_TIM_IRQHandler
                0x08006884      0x252 ./Drivers/STM32L4xx_HAL_Driver/Src/stm32l4xx_hal_tim.o
                0x08006884                HAL_TIM_IRQHandler
 .text.HAL_TIM_PeriodElapsedHalfCpltCallback
                0x08006ad6       0x14 ./Drivers/STM32L4xx_HAL_Driver/Src/stm32l4xx_hal_tim.o
                0x08006ad6                HAL_TIM_PeriodElapsedHalfCpltCallback
 .text.HAL_TIM_OC_DelayElapsedCallback
                0x08006aea       0x14 ./Drivers/STM32L4xx_HAL_Driver/Src/stm32l4xx_hal_tim.o
                0x08006aea                HAL_TIM_OC_DelayElapsedCallback
 .text.HAL_TIM_IC_CaptureCallback
                0x08006afe       0x14 ./Drivers/STM32L4xx_HAL_Driver/Src/stm32l4xx_hal_tim.o
                0x08006afe                HAL_TIM_IC_CaptureCallback
 .text.HAL_TIM_IC_CaptureHalfCpltCallback
                0x08006b12       0x14 ./Drivers/STM32L4xx_HAL_Driver/Src/stm32l4xx_hal_tim.o
                0x08006b12                HAL_TIM_IC_CaptureHalfCpltCallback
 .text.HAL_TIM_PWM_PulseFinishedCallback
                0x08006b26       0x14 ./Drivers/STM32L4xx_HAL_Driver/Src/stm32l4xx_hal_tim.o
                0x08006b26                HAL_TIM_PWM_PulseFinishedCallback
 .text.HAL_TIM_PWM_PulseFinishedHalfCpltCallback
                0x08006b3a       0x14 ./Drivers/STM32L4xx_HAL_Driver/Src/stm32l4xx_hal_tim.o
                0x08006b3a                HAL_TIM_PWM_PulseFinishedHalfCpltCallback
 .text.HAL_TIM_TriggerCallback
                0x08006b4e       0x14 ./Drivers/STM32L4xx_HAL_Driver/Src/stm32l4xx_hal_tim.o
                0x08006b4e                HAL_TIM_TriggerCallback
 .text.HAL_TIM_TriggerHalfCpltCallback
                0x08006b62       0x14 ./Drivers/STM32L4xx_HAL_Driver/Src/stm32l4xx_hal_tim.o
                0x08006b62                HAL_TIM_TriggerHalfCpltCallback
 .text.HAL_TIM_ErrorCallback
                0x08006b76       0x14 ./Drivers/STM32L4xx_HAL_Driver/Src/stm32l4xx_hal_tim.o
                0x08006b76                HAL_TIM_ErrorCallback
 *fill*         0x08006b8a        0x2 
 .text.HAL_TIM_RegisterCallback
                0x08006b8c      0x288 ./Drivers/STM32L4xx_HAL_Driver/Src/stm32l4xx_hal_tim.o
                0x08006b8c                HAL_TIM_RegisterCallback
 .text.TIM_Base_SetConfig
                0x08006e14      0x14c ./Drivers/STM32L4xx_HAL_Driver/Src/stm32l4xx_hal_tim.o
                0x08006e14                TIM_Base_SetConfig
 .text.TIM_ResetCallback
                0x08006f60       0xbc ./Drivers/STM32L4xx_HAL_Driver/Src/stm32l4xx_hal_tim.o
                0x08006f60                TIM_ResetCallback
 .text.HAL_TIMEx_CommutCallback
                0x0800701c       0x14 ./Drivers/STM32L4xx_HAL_Driver/Src/stm32l4xx_hal_tim_ex.o
                0x0800701c                HAL_TIMEx_CommutCallback
 .text.HAL_TIMEx_CommutHalfCpltCallback
                0x08007030       0x14 ./Drivers/STM32L4xx_HAL_Driver/Src/stm32l4xx_hal_tim_ex.o
                0x08007030                HAL_TIMEx_CommutHalfCpltCallback
 .text.HAL_TIMEx_BreakCallback
                0x08007044       0x14 ./Drivers/STM32L4xx_HAL_Driver/Src/stm32l4xx_hal_tim_ex.o
                0x08007044                HAL_TIMEx_BreakCallback
 .text.HAL_TIMEx_Break2Callback
                0x08007058       0x14 ./Drivers/STM32L4xx_HAL_Driver/Src/stm32l4xx_hal_tim_ex.o
                0x08007058                HAL_TIMEx_Break2Callback
 .text.HAL_UART_Init
                0x0800706c       0xa0 ./Drivers/STM32L4xx_HAL_Driver/Src/stm32l4xx_hal_uart.o
                0x0800706c                HAL_UART_Init
 .text.HAL_UART_Transmit_DMA
                0x0800710c      0x100 ./Drivers/STM32L4xx_HAL_Driver/Src/stm32l4xx_hal_uart.o
                0x0800710c                HAL_UART_Transmit_DMA
 .text.HAL_UART_IRQHandler
                0x0800720c      0x684 ./Drivers/STM32L4xx_HAL_Driver/Src/stm32l4xx_hal_uart.o
                0x0800720c                HAL_UART_IRQHandler
 .text.HAL_UART_TxCpltCallback
                0x08007890       0x14 ./Drivers/STM32L4xx_HAL_Driver/Src/stm32l4xx_hal_uart.o
                0x08007890                HAL_UART_TxCpltCallback
 .text.HAL_UART_TxHalfCpltCallback
                0x080078a4       0x14 ./Drivers/STM32L4xx_HAL_Driver/Src/stm32l4xx_hal_uart.o
                0x080078a4                HAL_UART_TxHalfCpltCallback
 .text.HAL_UART_ErrorCallback
                0x080078b8       0x14 ./Drivers/STM32L4xx_HAL_Driver/Src/stm32l4xx_hal_uart.o
                0x080078b8                HAL_UART_ErrorCallback
 .text.HAL_UARTEx_RxEventCallback
                0x080078cc       0x18 ./Drivers/STM32L4xx_HAL_Driver/Src/stm32l4xx_hal_uart.o
                0x080078cc                HAL_UARTEx_RxEventCallback
 .text.UART_SetConfig
                0x080078e4      0x5f8 ./Drivers/STM32L4xx_HAL_Driver/Src/stm32l4xx_hal_uart.o
                0x080078e4                UART_SetConfig
 .text.UART_AdvFeatureConfig
                0x08007edc      0x144 ./Drivers/STM32L4xx_HAL_Driver/Src/stm32l4xx_hal_uart.o
                0x08007edc                UART_AdvFeatureConfig
 .text.UART_CheckIdleState
                0x08008020      0x154 ./Drivers/STM32L4xx_HAL_Driver/Src/stm32l4xx_hal_uart.o
                0x08008020                UART_CheckIdleState
 .text.UART_WaitOnFlagUntilTimeout
                0x08008174       0xda ./Drivers/STM32L4xx_HAL_Driver/Src/stm32l4xx_hal_uart.o
                0x08008174                UART_WaitOnFlagUntilTimeout
 .text.UART_EndTxTransfer
                0x0800824e       0x82 ./Drivers/STM32L4xx_HAL_Driver/Src/stm32l4xx_hal_uart.o
 .text.UART_EndRxTransfer
                0x080082d0       0xcc ./Drivers/STM32L4xx_HAL_Driver/Src/stm32l4xx_hal_uart.o
 .text.UART_DMATransmitCplt
                0x0800839c       0x9a ./Drivers/STM32L4xx_HAL_Driver/Src/stm32l4xx_hal_uart.o
 .text.UART_DMATxHalfCplt
                0x08008436       0x1c ./Drivers/STM32L4xx_HAL_Driver/Src/stm32l4xx_hal_uart.o
 .text.UART_DMAError
                0x08008452       0x80 ./Drivers/STM32L4xx_HAL_Driver/Src/stm32l4xx_hal_uart.o
 .text.UART_DMAAbortOnError
                0x080084d2       0x2c ./Drivers/STM32L4xx_HAL_Driver/Src/stm32l4xx_hal_uart.o
 .text.UART_EndTransmit_IT
                0x080084fe       0x56 ./Drivers/STM32L4xx_HAL_Driver/Src/stm32l4xx_hal_uart.o
 .text.HAL_UARTEx_WakeupCallback
                0x08008554       0x14 ./Drivers/STM32L4xx_HAL_Driver/Src/stm32l4xx_hal_uart_ex.o
                0x08008554                HAL_UARTEx_WakeupCallback
 .text.HAL_UARTEx_RxFifoFullCallback
                0x08008568       0x14 ./Drivers/STM32L4xx_HAL_Driver/Src/stm32l4xx_hal_uart_ex.o
                0x08008568                HAL_UARTEx_RxFifoFullCallback
 .text.HAL_UARTEx_TxFifoEmptyCallback
                0x0800857c       0x14 ./Drivers/STM32L4xx_HAL_Driver/Src/stm32l4xx_hal_uart_ex.o
                0x0800857c                HAL_UARTEx_TxFifoEmptyCallback
 .text.HAL_UARTEx_DisableFifoMode
                0x08008590       0x72 ./Drivers/STM32L4xx_HAL_Driver/Src/stm32l4xx_hal_uart_ex.o
                0x08008590                HAL_UARTEx_DisableFifoMode
 .text.HAL_UARTEx_SetTxFifoThreshold
                0x08008602       0x7c ./Drivers/STM32L4xx_HAL_Driver/Src/stm32l4xx_hal_uart_ex.o
                0x08008602                HAL_UARTEx_SetTxFifoThreshold
 .text.HAL_UARTEx_SetRxFifoThreshold
                0x0800867e       0x7c ./Drivers/STM32L4xx_HAL_Driver/Src/stm32l4xx_hal_uart_ex.o
                0x0800867e                HAL_UARTEx_SetRxFifoThreshold
 *fill*         0x080086fa        0x2 
 .text.UARTEx_SetNbDataToProcess
                0x080086fc       0x9c ./Drivers/STM32L4xx_HAL_Driver/Src/stm32l4xx_hal_uart_ex.o
 .text.__NVIC_SetPriority
                0x08008798       0x54 ./Middlewares/Third_Party/FreeRTOS/Source/CMSIS_RTOS_V2/cmsis_os2.o
 .text.SysTick_Handler
                0x080087ec       0x20 ./Middlewares/Third_Party/FreeRTOS/Source/CMSIS_RTOS_V2/cmsis_os2.o
                0x080087ec                SysTick_Handler
 .text.SVC_Setup
                0x0800880c       0x12 ./Middlewares/Third_Party/FreeRTOS/Source/CMSIS_RTOS_V2/cmsis_os2.o
 *fill*         0x0800881e        0x2 
 .text.osKernelInitialize
                0x08008820       0x48 ./Middlewares/Third_Party/FreeRTOS/Source/CMSIS_RTOS_V2/cmsis_os2.o
                0x08008820                osKernelInitialize
 .text.osKernelStart
                0x08008868       0x4c ./Middlewares/Third_Party/FreeRTOS/Source/CMSIS_RTOS_V2/cmsis_os2.o
                0x08008868                osKernelStart
 .text.osKernelGetTickCount
                0x080088b4       0x2a ./Middlewares/Third_Party/FreeRTOS/Source/CMSIS_RTOS_V2/cmsis_os2.o
                0x080088b4                osKernelGetTickCount
 .text.osThreadNew
                0x080088de      0x124 ./Middlewares/Third_Party/FreeRTOS/Source/CMSIS_RTOS_V2/cmsis_os2.o
                0x080088de                osThreadNew
 .text.osThreadTerminate
                0x08008a02       0x5a ./Middlewares/Third_Party/FreeRTOS/Source/CMSIS_RTOS_V2/cmsis_os2.o
                0x08008a02                osThreadTerminate
 .text.osThreadFlagsSet
                0x08008a5c       0x9c ./Middlewares/Third_Party/FreeRTOS/Source/CMSIS_RTOS_V2/cmsis_os2.o
                0x08008a5c                osThreadFlagsSet
 .text.osThreadFlagsWait
                0x08008af8      0x102 ./Middlewares/Third_Party/FreeRTOS/Source/CMSIS_RTOS_V2/cmsis_os2.o
                0x08008af8                osThreadFlagsWait
 .text.osDelay  0x08008bfa       0x36 ./Middlewares/Third_Party/FreeRTOS/Source/CMSIS_RTOS_V2/cmsis_os2.o
                0x08008bfa                osDelay
 .text.osSemaphoreNew
                0x08008c30      0x112 ./Middlewares/Third_Party/FreeRTOS/Source/CMSIS_RTOS_V2/cmsis_os2.o
                0x08008c30                osSemaphoreNew
 *fill*         0x08008d42        0x2 
 .text.osSemaphoreAcquire
                0x08008d44       0xa4 ./Middlewares/Third_Party/FreeRTOS/Source/CMSIS_RTOS_V2/cmsis_os2.o
                0x08008d44                osSemaphoreAcquire
 .text.osSemaphoreRelease
                0x08008de8       0x88 ./Middlewares/Third_Party/FreeRTOS/Source/CMSIS_RTOS_V2/cmsis_os2.o
                0x08008de8                osSemaphoreRelease
 .text.osSemaphoreGetCount
                0x08008e70       0x40 ./Middlewares/Third_Party/FreeRTOS/Source/CMSIS_RTOS_V2/cmsis_os2.o
                0x08008e70                osSemaphoreGetCount
 .text.vApplicationGetIdleTaskMemory
                0x08008eb0       0x34 ./Middlewares/Third_Party/FreeRTOS/Source/CMSIS_RTOS_V2/cmsis_os2.o
                0x08008eb0                vApplicationGetIdleTaskMemory
 .text.vApplicationGetTimerTaskMemory
                0x08008ee4       0x34 ./Middlewares/Third_Party/FreeRTOS/Source/CMSIS_RTOS_V2/cmsis_os2.o
                0x08008ee4                vApplicationGetTimerTaskMemory
 .text.vListInitialise
                0x08008f18       0x40 ./Middlewares/Third_Party/FreeRTOS/Source/list.o
                0x08008f18                vListInitialise
 .text.vListInitialiseItem
                0x08008f58       0x1a ./Middlewares/Third_Party/FreeRTOS/Source/list.o
                0x08008f58                vListInitialiseItem
 .text.vListInsertEnd
                0x08008f72       0x48 ./Middlewares/Third_Party/FreeRTOS/Source/list.o
                0x08008f72                vListInsertEnd
 .text.vListInsert
                0x08008fba       0x72 ./Middlewares/Third_Party/FreeRTOS/Source/list.o
                0x08008fba                vListInsert
 .text.uxListRemove
                0x0800902c       0x54 ./Middlewares/Third_Party/FreeRTOS/Source/list.o
                0x0800902c                uxListRemove
 .text.xQueueGenericReset
                0x08009080       0xd4 ./Middlewares/Third_Party/FreeRTOS/Source/queue.o
                0x08009080                xQueueGenericReset
 .text.xQueueGenericCreateStatic
                0x08009154       0xfa ./Middlewares/Third_Party/FreeRTOS/Source/queue.o
                0x08009154                xQueueGenericCreateStatic
 .text.xQueueGenericCreate
                0x0800924e       0x76 ./Middlewares/Third_Party/FreeRTOS/Source/queue.o
                0x0800924e                xQueueGenericCreate
 .text.prvInitialiseNewQueue
                0x080092c4       0x46 ./Middlewares/Third_Party/FreeRTOS/Source/queue.o
 .text.xQueueCreateCountingSemaphoreStatic
                0x0800930a       0x72 ./Middlewares/Third_Party/FreeRTOS/Source/queue.o
                0x0800930a                xQueueCreateCountingSemaphoreStatic
 .text.xQueueCreateCountingSemaphore
                0x0800937c       0x6a ./Middlewares/Third_Party/FreeRTOS/Source/queue.o
                0x0800937c                xQueueCreateCountingSemaphore
 *fill*         0x080093e6        0x2 
 .text.xQueueGenericSend
                0x080093e8      0x204 ./Middlewares/Third_Party/FreeRTOS/Source/queue.o
                0x080093e8                xQueueGenericSend
 .text.xQueueGenericSendFromISR
                0x080095ec      0x13c ./Middlewares/Third_Party/FreeRTOS/Source/queue.o
                0x080095ec                xQueueGenericSendFromISR
 .text.xQueueGiveFromISR
                0x08009728      0x120 ./Middlewares/Third_Party/FreeRTOS/Source/queue.o
                0x08009728                xQueueGiveFromISR
 .text.xQueueReceive
                0x08009848      0x1c4 ./Middlewares/Third_Party/FreeRTOS/Source/queue.o
                0x08009848                xQueueReceive
 .text.xQueueSemaphoreTake
                0x08009a0c      0x220 ./Middlewares/Third_Party/FreeRTOS/Source/queue.o
                0x08009a0c                xQueueSemaphoreTake
 .text.xQueueReceiveFromISR
                0x08009c2c      0x104 ./Middlewares/Third_Party/FreeRTOS/Source/queue.o
                0x08009c2c                xQueueReceiveFromISR
 .text.uxQueueMessagesWaiting
                0x08009d30       0x3e ./Middlewares/Third_Party/FreeRTOS/Source/queue.o
                0x08009d30                uxQueueMessagesWaiting
 .text.uxQueueMessagesWaitingFromISR
                0x08009d6e       0x3e ./Middlewares/Third_Party/FreeRTOS/Source/queue.o
                0x08009d6e                uxQueueMessagesWaitingFromISR
 .text.vQueueDelete
                0x08009dac       0x48 ./Middlewares/Third_Party/FreeRTOS/Source/queue.o
                0x08009dac                vQueueDelete
 .text.prvGetDisinheritPriorityAfterTimeout
                0x08009df4       0x30 ./Middlewares/Third_Party/FreeRTOS/Source/queue.o
 .text.prvCopyDataToQueue
                0x08009e24       0xd4 ./Middlewares/Third_Party/FreeRTOS/Source/queue.o
 .text.prvCopyDataFromQueue
                0x08009ef8       0x4c ./Middlewares/Third_Party/FreeRTOS/Source/queue.o
 .text.prvUnlockQueue
                0x08009f44       0xa4 ./Middlewares/Third_Party/FreeRTOS/Source/queue.o
 .text.prvIsQueueEmpty
                0x08009fe8       0x2c ./Middlewares/Third_Party/FreeRTOS/Source/queue.o
 .text.prvIsQueueFull
                0x0800a014       0x30 ./Middlewares/Third_Party/FreeRTOS/Source/queue.o
 .text.vQueueAddToRegistry
                0x0800a044       0x54 ./Middlewares/Third_Party/FreeRTOS/Source/queue.o
                0x0800a044                vQueueAddToRegistry
 .text.vQueueUnregisterQueue
                0x0800a098       0x54 ./Middlewares/Third_Party/FreeRTOS/Source/queue.o
                0x0800a098                vQueueUnregisterQueue
 .text.vQueueWaitForMessageRestricted
                0x0800a0ec       0x68 ./Middlewares/Third_Party/FreeRTOS/Source/queue.o
                0x0800a0ec                vQueueWaitForMessageRestricted
 .text.xTaskCreateStatic
                0x0800a154       0xc0 ./Middlewares/Third_Party/FreeRTOS/Source/tasks.o
                0x0800a154                xTaskCreateStatic
 .text.xTaskCreate
                0x0800a214       0x8a ./Middlewares/Third_Party/FreeRTOS/Source/tasks.o
                0x0800a214                xTaskCreate
 *fill*         0x0800a29e        0x2 
 .text.prvInitialiseNewTask
                0x0800a2a0      0x154 ./Middlewares/Third_Party/FreeRTOS/Source/tasks.o
 .text.prvAddNewTaskToReadyList
                0x0800a3f4      0x11c ./Middlewares/Third_Party/FreeRTOS/Source/tasks.o
 .text.vTaskDelete
                0x0800a510      0x11c ./Middlewares/Third_Party/FreeRTOS/Source/tasks.o
                0x0800a510                vTaskDelete
 .text.vTaskDelay
                0x0800a62c       0x6c ./Middlewares/Third_Party/FreeRTOS/Source/tasks.o
                0x0800a62c                vTaskDelay
 .text.eTaskGetState
                0x0800a698       0xd0 ./Middlewares/Third_Party/FreeRTOS/Source/tasks.o
                0x0800a698                eTaskGetState
 .text.vTaskStartScheduler
                0x0800a768      0x10c ./Middlewares/Third_Party/FreeRTOS/Source/tasks.o
                0x0800a768                vTaskStartScheduler
 .text.vTaskSuspendAll
                0x0800a874       0x1c ./Middlewares/Third_Party/FreeRTOS/Source/tasks.o
                0x0800a874                vTaskSuspendAll
 .text.xTaskResumeAll
                0x0800a890      0x144 ./Middlewares/Third_Party/FreeRTOS/Source/tasks.o
                0x0800a890                xTaskResumeAll
 .text.xTaskGetTickCount
                0x0800a9d4       0x20 ./Middlewares/Third_Party/FreeRTOS/Source/tasks.o
                0x0800a9d4                xTaskGetTickCount
 .text.xTaskGetTickCountFromISR
                0x0800a9f4       0x24 ./Middlewares/Third_Party/FreeRTOS/Source/tasks.o
                0x0800a9f4                xTaskGetTickCountFromISR
 .text.xTaskIncrementTick
                0x0800aa18      0x17c ./Middlewares/Third_Party/FreeRTOS/Source/tasks.o
                0x0800aa18                xTaskIncrementTick
 .text.vTaskSwitchContext
                0x0800ab94      0x12c ./Middlewares/Third_Party/FreeRTOS/Source/tasks.o
                0x0800ab94                vTaskSwitchContext
 .text.vTaskPlaceOnEventList
                0x0800acc0       0x4c ./Middlewares/Third_Party/FreeRTOS/Source/tasks.o
                0x0800acc0                vTaskPlaceOnEventList
 .text.vTaskPlaceOnEventListRestricted
                0x0800ad0c       0x58 ./Middlewares/Third_Party/FreeRTOS/Source/tasks.o
                0x0800ad0c                vTaskPlaceOnEventListRestricted
 .text.xTaskRemoveFromEventList
                0x0800ad64       0xd0 ./Middlewares/Third_Party/FreeRTOS/Source/tasks.o
                0x0800ad64                xTaskRemoveFromEventList
 .text.vTaskInternalSetTimeOutState
                0x0800ae34       0x2c ./Middlewares/Third_Party/FreeRTOS/Source/tasks.o
                0x0800ae34                vTaskInternalSetTimeOutState
 .text.xTaskCheckForTimeOut
                0x0800ae60       0xc8 ./Middlewares/Third_Party/FreeRTOS/Source/tasks.o
                0x0800ae60                xTaskCheckForTimeOut
 .text.vTaskMissedYield
                0x0800af28       0x18 ./Middlewares/Third_Party/FreeRTOS/Source/tasks.o
                0x0800af28                vTaskMissedYield
 .text.prvIdleTask
                0x0800af40       0x30 ./Middlewares/Third_Party/FreeRTOS/Source/tasks.o
 .text.prvInitialiseTaskLists
                0x0800af70       0x80 ./Middlewares/Third_Party/FreeRTOS/Source/tasks.o
 .text.prvCheckTasksWaitingTermination
                0x0800aff0       0x5c ./Middlewares/Third_Party/FreeRTOS/Source/tasks.o
 .text.prvTaskCheckFreeStackSpace
                0x0800b04c       0x38 ./Middlewares/Third_Party/FreeRTOS/Source/tasks.o
 .text.uxTaskGetStackHighWaterMark
                0x0800b084       0x38 ./Middlewares/Third_Party/FreeRTOS/Source/tasks.o
                0x0800b084                uxTaskGetStackHighWaterMark
 .text.prvDeleteTCB
                0x0800b0bc       0x6a ./Middlewares/Third_Party/FreeRTOS/Source/tasks.o
 *fill*         0x0800b126        0x2 
 .text.prvResetNextTaskUnblockTime
                0x0800b128       0x40 ./Middlewares/Third_Party/FreeRTOS/Source/tasks.o
 .text.xTaskGetSchedulerState
                0x0800b168       0x3c ./Middlewares/Third_Party/FreeRTOS/Source/tasks.o
                0x0800b168                xTaskGetSchedulerState
 .text.xTaskPriorityInherit
                0x0800b1a4       0xd8 ./Middlewares/Third_Party/FreeRTOS/Source/tasks.o
                0x0800b1a4                xTaskPriorityInherit
 .text.xTaskPriorityDisinherit
                0x0800b27c       0xe8 ./Middlewares/Third_Party/FreeRTOS/Source/tasks.o
                0x0800b27c                xTaskPriorityDisinherit
 .text.vTaskPriorityDisinheritAfterTimeout
                0x0800b364      0x110 ./Middlewares/Third_Party/FreeRTOS/Source/tasks.o
                0x0800b364                vTaskPriorityDisinheritAfterTimeout
 .text.pvTaskIncrementMutexHeldCount
                0x0800b474       0x28 ./Middlewares/Third_Party/FreeRTOS/Source/tasks.o
                0x0800b474                pvTaskIncrementMutexHeldCount
 .text.xTaskNotifyWait
                0x0800b49c       0xc0 ./Middlewares/Third_Party/FreeRTOS/Source/tasks.o
                0x0800b49c                xTaskNotifyWait
 .text.xTaskGenericNotify
                0x0800b55c      0x18c ./Middlewares/Third_Party/FreeRTOS/Source/tasks.o
                0x0800b55c                xTaskGenericNotify
 .text.xTaskGenericNotifyFromISR
                0x0800b6e8      0x1d4 ./Middlewares/Third_Party/FreeRTOS/Source/tasks.o
                0x0800b6e8                xTaskGenericNotifyFromISR
 .text.prvAddCurrentTaskToDelayedList
                0x0800b8bc       0xa8 ./Middlewares/Third_Party/FreeRTOS/Source/tasks.o
 .text.xTimerCreateTimerTask
                0x0800b964       0x94 ./Middlewares/Third_Party/FreeRTOS/Source/timers.o
                0x0800b964                xTimerCreateTimerTask
 .text.xTimerGenericCommand
                0x0800b9f8       0x9c ./Middlewares/Third_Party/FreeRTOS/Source/timers.o
                0x0800b9f8                xTimerGenericCommand
 .text.prvProcessExpiredTimer
                0x0800ba94       0x9c ./Middlewares/Third_Party/FreeRTOS/Source/timers.o
 .text.prvTimerTask
                0x0800bb30       0x26 ./Middlewares/Third_Party/FreeRTOS/Source/timers.o
 *fill*         0x0800bb56        0x2 
 .text.prvProcessTimerOrBlockTask
                0x0800bb58       0x9c ./Middlewares/Third_Party/FreeRTOS/Source/timers.o
 .text.prvGetNextExpireTime
                0x0800bbf4       0x48 ./Middlewares/Third_Party/FreeRTOS/Source/timers.o
 .text.prvSampleTimeNow
                0x0800bc3c       0x40 ./Middlewares/Third_Party/FreeRTOS/Source/timers.o
 .text.prvInsertTimerInActiveList
                0x0800bc7c       0x84 ./Middlewares/Third_Party/FreeRTOS/Source/timers.o
 .text.prvProcessReceivedCommands
                0x0800bd00      0x1cc ./Middlewares/Third_Party/FreeRTOS/Source/timers.o
 .text.prvSwitchTimerLists
                0x0800becc       0xcc ./Middlewares/Third_Party/FreeRTOS/Source/timers.o
 .text.prvCheckForValidListAndQueue
                0x0800bf98       0x80 ./Middlewares/Third_Party/FreeRTOS/Source/timers.o
 .text.pxPortInitialiseStack
                0x0800c018       0x68 ./Middlewares/Third_Party/FreeRTOS/Source/portable/GCC/ARM_CM4F/port.o
                0x0800c018                pxPortInitialiseStack
 .text.prvTaskExitError
                0x0800c080       0x5c ./Middlewares/Third_Party/FreeRTOS/Source/portable/GCC/ARM_CM4F/port.o
 *fill*         0x0800c0dc        0x4 
 .text.SVC_Handler
                0x0800c0e0       0x28 ./Middlewares/Third_Party/FreeRTOS/Source/portable/GCC/ARM_CM4F/port.o
                0x0800c0e0                SVC_Handler
 .text.prvPortStartFirstTask
                0x0800c108       0x28 ./Middlewares/Third_Party/FreeRTOS/Source/portable/GCC/ARM_CM4F/port.o
 .text.xPortStartScheduler
                0x0800c130      0x148 ./Middlewares/Third_Party/FreeRTOS/Source/portable/GCC/ARM_CM4F/port.o
                0x0800c130                xPortStartScheduler
 .text.vPortEnterCritical
                0x0800c278       0x64 ./Middlewares/Third_Party/FreeRTOS/Source/portable/GCC/ARM_CM4F/port.o
                0x0800c278                vPortEnterCritical
 .text.vPortExitCritical
                0x0800c2dc       0x54 ./Middlewares/Third_Party/FreeRTOS/Source/portable/GCC/ARM_CM4F/port.o
                0x0800c2dc                vPortExitCritical
 .text.PendSV_Handler
                0x0800c330       0x68 ./Middlewares/Third_Party/FreeRTOS/Source/portable/GCC/ARM_CM4F/port.o
                0x0800c330                PendSV_Handler
 .text.xPortSysTickHandler
                0x0800c398       0x44 ./Middlewares/Third_Party/FreeRTOS/Source/portable/GCC/ARM_CM4F/port.o
                0x0800c398                xPortSysTickHandler
 .text.vPortSetupTimerInterrupt
                0x0800c3dc       0x48 ./Middlewares/Third_Party/FreeRTOS/Source/portable/GCC/ARM_CM4F/port.o
                0x0800c3dc                vPortSetupTimerInterrupt
 .text.vPortEnableVFP
                0x0800c424       0x14 ./Middlewares/Third_Party/FreeRTOS/Source/portable/GCC/ARM_CM4F/port.o
 .text.vPortValidateInterruptPriority
                0x0800c438       0x84 ./Middlewares/Third_Party/FreeRTOS/Source/portable/GCC/ARM_CM4F/port.o
                0x0800c438                vPortValidateInterruptPriority
 .text.pvPortMalloc
                0x0800c4bc      0x19c ./Middlewares/Third_Party/FreeRTOS/Source/portable/MemMang/heap_4.o
                0x0800c4bc                pvPortMalloc
 .text.vPortFree
                0x0800c658       0xc8 ./Middlewares/Third_Party/FreeRTOS/Source/portable/MemMang/heap_4.o
                0x0800c658                vPortFree
 .text.prvHeapInit
                0x0800c720       0xc4 ./Middlewares/Third_Party/FreeRTOS/Source/portable/MemMang/heap_4.o
 .text.prvInsertBlockIntoFreeList
                0x0800c7e4       0xb4 ./Middlewares/Third_Party/FreeRTOS/Source/portable/MemMang/heap_4.o
 .text._DoInit  0x0800c898       0xb4 ./Middlewares/Third_Party/Segger/SEGGER_RTT.o
 .text.SEGGER_RTT_ReadNoLock
                0x0800c94c      0x10c ./Middlewares/Third_Party/Segger/SEGGER_RTT.o
                0x0800c94c                SEGGER_RTT_ReadNoLock
 .text.SEGGER_RTT_AllocUpBuffer
                0x0800ca58      0x108 ./Middlewares/Third_Party/Segger/SEGGER_RTT.o
                0x0800ca58                SEGGER_RTT_AllocUpBuffer
 .text.SEGGER_RTT_ConfigDownBuffer
                0x0800cb60       0x98 ./Middlewares/Third_Party/Segger/SEGGER_RTT.o
                0x0800cb60                SEGGER_RTT_ConfigDownBuffer
 .text._EncodeStr
                0x0800cbf8       0x9c ./Middlewares/Third_Party/Segger/SEGGER_SYSVIEW.o
 .text._PreparePacket
                0x0800cc94       0x18 ./Middlewares/Third_Party/Segger/SEGGER_SYSVIEW.o
 .text._HandleIncomingPacket
                0x0800ccac       0xdc ./Middlewares/Third_Party/Segger/SEGGER_SYSVIEW.o
 .text._TrySendOverflowPacket
                0x0800cd88       0xe4 ./Middlewares/Third_Party/Segger/SEGGER_SYSVIEW.o
 .text._SendPacket
                0x0800ce6c      0x2dc ./Middlewares/Third_Party/Segger/SEGGER_SYSVIEW.o
 .text._VPrintHost
                0x0800d148      0x180 ./Middlewares/Third_Party/Segger/SEGGER_SYSVIEW.o
 .text.SEGGER_SYSVIEW_Init
                0x0800d2c8       0x88 ./Middlewares/Third_Party/Segger/SEGGER_SYSVIEW.o
                0x0800d2c8                SEGGER_SYSVIEW_Init
 .text.SEGGER_SYSVIEW_SetRAMBase
                0x0800d350       0x20 ./Middlewares/Third_Party/Segger/SEGGER_SYSVIEW.o
                0x0800d350                SEGGER_SYSVIEW_SetRAMBase
 .text.SEGGER_SYSVIEW_RecordVoid
                0x0800d370       0x3c ./Middlewares/Third_Party/Segger/SEGGER_SYSVIEW.o
                0x0800d370                SEGGER_SYSVIEW_RecordVoid
 .text.SEGGER_SYSVIEW_RecordU32
                0x0800d3ac       0x78 ./Middlewares/Third_Party/Segger/SEGGER_SYSVIEW.o
                0x0800d3ac                SEGGER_SYSVIEW_RecordU32
 .text.SEGGER_SYSVIEW_RecordU32x2
                0x0800d424       0xb4 ./Middlewares/Third_Party/Segger/SEGGER_SYSVIEW.o
                0x0800d424                SEGGER_SYSVIEW_RecordU32x2
 .text.SEGGER_SYSVIEW_Start
                0x0800d4d8      0x174 ./Middlewares/Third_Party/Segger/SEGGER_SYSVIEW.o
                0x0800d4d8                SEGGER_SYSVIEW_Start
 .text.SEGGER_SYSVIEW_Stop
                0x0800d64c       0x4c ./Middlewares/Third_Party/Segger/SEGGER_SYSVIEW.o
                0x0800d64c                SEGGER_SYSVIEW_Stop
 .text.SEGGER_SYSVIEW_GetSysDesc
                0x0800d698      0x134 ./Middlewares/Third_Party/Segger/SEGGER_SYSVIEW.o
                0x0800d698                SEGGER_SYSVIEW_GetSysDesc
 .text.SEGGER_SYSVIEW_SendTaskInfo
                0x0800d7cc      0x1c8 ./Middlewares/Third_Party/Segger/SEGGER_SYSVIEW.o
                0x0800d7cc                SEGGER_SYSVIEW_SendTaskInfo
 .text.SEGGER_SYSVIEW_SendTaskList
                0x0800d994       0x28 ./Middlewares/Third_Party/Segger/SEGGER_SYSVIEW.o
                0x0800d994                SEGGER_SYSVIEW_SendTaskList
 .text.SEGGER_SYSVIEW_SendSysDesc
                0x0800d9bc       0x48 ./Middlewares/Third_Party/Segger/SEGGER_SYSVIEW.o
                0x0800d9bc                SEGGER_SYSVIEW_SendSysDesc
 .text.SEGGER_SYSVIEW_RecordSystime
                0x0800da04       0x64 ./Middlewares/Third_Party/Segger/SEGGER_SYSVIEW.o
                0x0800da04                SEGGER_SYSVIEW_RecordSystime
 .text.SEGGER_SYSVIEW_RecordEnterISR
                0x0800da68       0x84 ./Middlewares/Third_Party/Segger/SEGGER_SYSVIEW.o
                0x0800da68                SEGGER_SYSVIEW_RecordEnterISR
 .text.SEGGER_SYSVIEW_RecordExitISR
                0x0800daec       0x38 ./Middlewares/Third_Party/Segger/SEGGER_SYSVIEW.o
                0x0800daec                SEGGER_SYSVIEW_RecordExitISR
 .text.SEGGER_SYSVIEW_OnIdle
                0x0800db24       0x38 ./Middlewares/Third_Party/Segger/SEGGER_SYSVIEW.o
                0x0800db24                SEGGER_SYSVIEW_OnIdle
 .text.SEGGER_SYSVIEW_OnTaskCreate
                0x0800db5c       0x84 ./Middlewares/Third_Party/Segger/SEGGER_SYSVIEW.o
                0x0800db5c                SEGGER_SYSVIEW_OnTaskCreate
 .text.SEGGER_SYSVIEW_OnTaskStartExec
                0x0800dbe0       0x84 ./Middlewares/Third_Party/Segger/SEGGER_SYSVIEW.o
                0x0800dbe0                SEGGER_SYSVIEW_OnTaskStartExec
 .text.SEGGER_SYSVIEW_OnTaskStartReady
                0x0800dc64       0x84 ./Middlewares/Third_Party/Segger/SEGGER_SYSVIEW.o
                0x0800dc64                SEGGER_SYSVIEW_OnTaskStartReady
 .text.SEGGER_SYSVIEW_ShrinkId
                0x0800dce8       0x20 ./Middlewares/Third_Party/Segger/SEGGER_SYSVIEW.o
                0x0800dce8                SEGGER_SYSVIEW_ShrinkId
 .text.SEGGER_SYSVIEW_SendModule
                0x0800dd08      0x114 ./Middlewares/Third_Party/Segger/SEGGER_SYSVIEW.o
                0x0800dd08                SEGGER_SYSVIEW_SendModule
 .text.SEGGER_SYSVIEW_SendModuleDescription
                0x0800de1c       0x3c ./Middlewares/Third_Party/Segger/SEGGER_SYSVIEW.o
                0x0800de1c                SEGGER_SYSVIEW_SendModuleDescription
 .text.SEGGER_SYSVIEW_SendNumModules
                0x0800de58       0x7c ./Middlewares/Third_Party/Segger/SEGGER_SYSVIEW.o
                0x0800de58                SEGGER_SYSVIEW_SendNumModules
 .text.SEGGER_SYSVIEW_PrintfHost
                0x0800ded4       0x28 ./Middlewares/Third_Party/Segger/SEGGER_SYSVIEW.o
                0x0800ded4                SEGGER_SYSVIEW_PrintfHost
 .text.SEGGER_SYSVIEW_Warn
                0x0800defc       0xb8 ./Middlewares/Third_Party/Segger/SEGGER_SYSVIEW.o
                0x0800defc                SEGGER_SYSVIEW_Warn
 .text._cbSendSystemDesc
                0x0800dfb4       0x1c ./Middlewares/Third_Party/Segger/SEGGER_SYSVIEW_Config_FreeRTOS.o
 .text.SEGGER_SYSVIEW_Conf
                0x0800dfd0       0x2c ./Middlewares/Third_Party/Segger/SEGGER_SYSVIEW_Config_FreeRTOS.o
                0x0800dfd0                SEGGER_SYSVIEW_Conf
 .text._cbSendTaskList
                0x0800dffc       0xbc ./Middlewares/Third_Party/Segger/SEGGER_SYSVIEW_FreeRTOS.o
 .text._cbGetTime
                0x0800e0b8       0x86 ./Middlewares/Third_Party/Segger/SEGGER_SYSVIEW_FreeRTOS.o
 *fill*         0x0800e13e        0x2 
 .text.SYSVIEW_AddTask
                0x0800e140       0xd0 ./Middlewares/Third_Party/Segger/SEGGER_SYSVIEW_FreeRTOS.o
                0x0800e140                SYSVIEW_AddTask
 .text.SYSVIEW_DeleteTask
                0x0800e210      0x178 ./Middlewares/Third_Party/Segger/SEGGER_SYSVIEW_FreeRTOS.o
                0x0800e210                SYSVIEW_DeleteTask
 .text.SYSVIEW_SendTaskInfo
                0x0800e388       0x42 ./Middlewares/Third_Party/Segger/SEGGER_SYSVIEW_FreeRTOS.o
                0x0800e388                SYSVIEW_SendTaskInfo
 *fill*         0x0800e3ca        0x2 
 .text.LSM6DSL_initialize
                0x0800e3cc       0xf4 ./Sensors/AccelerationSensor/lsm6dsl.o
                0x0800e3cc                LSM6DSL_initialize
 .text.LSM6DSL_data_ready
                0x0800e4c0      0x1e0 ./Sensors/AccelerationSensor/lsm6dsl.o
                0x0800e4c0                LSM6DSL_data_ready
 .text.LPS22HB_initialize
                0x0800e6a0       0xf4 ./Sensors/AirPressureSensor/lps22hb.o
                0x0800e6a0                LPS22HB_initialize
 .text.LPS22HB_data_ready
                0x0800e794      0x120 ./Sensors/AirPressureSensor/lps22hb.o
                0x0800e794                LPS22HB_data_ready
 .text.HTS221_initialize
                0x0800e8b4       0xd8 ./Sensors/HumiditySensor/hts221.o
                0x0800e8b4                HTS221_initialize
 .text.HTS221_Get_Calibration_Values
                0x0800e98c      0x130 ./Sensors/HumiditySensor/hts221.o
                0x0800e98c                HTS221_Get_Calibration_Values
 .text.HTS221_Get_Humidity
                0x0800eabc       0x90 ./Sensors/HumiditySensor/hts221.o
                0x0800eabc                HTS221_Get_Humidity
 .text.HTS221_Get_Temperature
                0x0800eb4c       0x84 ./Sensors/HumiditySensor/hts221.o
                0x0800eb4c                HTS221_Get_Temperature
 .text.HTS221_data_ready
                0x0800ebd0       0x70 ./Sensors/HumiditySensor/hts221.o
                0x0800ebd0                HTS221_data_ready
 .text.LIS3MDL_initialize
                0x0800ec40      0x11c ./Sensors/MagnetometerSensor/lis3mdl.o
                0x0800ec40                LIS3MDL_initialize
 *fill*         0x0800ed5c        0x4 
 .text.LIS3MDL_data_ready
                0x0800ed60      0x154 ./Sensors/MagnetometerSensor/lis3mdl.o
                0x0800ed60                LIS3MDL_data_ready
 .text.VL53L0X_GetDeviceInfo
                0x0800eeb4       0x28 ./Sensors/ToFSensor/vl53l0x/vl53l0x_api.o
                0x0800eeb4                VL53L0X_GetDeviceInfo
 .text.VL53L0X_GetOffsetCalibrationDataMicroMeter
                0x0800eedc       0x26 ./Sensors/ToFSensor/vl53l0x/vl53l0x_api.o
                0x0800eedc                VL53L0X_GetOffsetCalibrationDataMicroMeter
 *fill*         0x0800ef02        0x2 
 .text.VL53L0X_DataInit
                0x0800ef04      0x228 ./Sensors/ToFSensor/vl53l0x/vl53l0x_api.o
                0x0800ef04                VL53L0X_DataInit
 .text.VL53L0X_StaticInit
                0x0800f12c      0x30c ./Sensors/ToFSensor/vl53l0x/vl53l0x_api.o
                0x0800f12c                VL53L0X_StaticInit
 .text.VL53L0X_GetDeviceParameters
                0x0800f438      0x120 ./Sensors/ToFSensor/vl53l0x/vl53l0x_api.o
                0x0800f438                VL53L0X_GetDeviceParameters
 .text.VL53L0X_SetDeviceMode
                0x0800f558       0x58 ./Sensors/ToFSensor/vl53l0x/vl53l0x_api.o
                0x0800f558                VL53L0X_SetDeviceMode
 .text.VL53L0X_GetDeviceMode
                0x0800f5b0       0x28 ./Sensors/ToFSensor/vl53l0x/vl53l0x_api.o
                0x0800f5b0                VL53L0X_GetDeviceMode
 .text.VL53L0X_GetFractionEnable
                0x0800f5d8       0x3e ./Sensors/ToFSensor/vl53l0x/vl53l0x_api.o
                0x0800f5d8                VL53L0X_GetFractionEnable
 .text.VL53L0X_SetMeasurementTimingBudgetMicroSeconds
                0x0800f616       0x26 ./Sensors/ToFSensor/vl53l0x/vl53l0x_api.o
                0x0800f616                VL53L0X_SetMeasurementTimingBudgetMicroSeconds
 .text.VL53L0X_GetMeasurementTimingBudgetMicroSeconds
                0x0800f63c       0x26 ./Sensors/ToFSensor/vl53l0x/vl53l0x_api.o
                0x0800f63c                VL53L0X_GetMeasurementTimingBudgetMicroSeconds
 .text.VL53L0X_GetVcselPulsePeriod
                0x0800f662       0x2e ./Sensors/ToFSensor/vl53l0x/vl53l0x_api.o
                0x0800f662                VL53L0X_GetVcselPulsePeriod
 .text.VL53L0X_SetSequenceStepEnable
                0x0800f690      0x140 ./Sensors/ToFSensor/vl53l0x/vl53l0x_api.o
                0x0800f690                VL53L0X_SetSequenceStepEnable
 .text.sequence_step_enabled
                0x0800f7d0       0xa4 ./Sensors/ToFSensor/vl53l0x/vl53l0x_api.o
                0x0800f7d0                sequence_step_enabled
 .text.VL53L0X_GetSequenceStepEnables
                0x0800f874       0xb0 ./Sensors/ToFSensor/vl53l0x/vl53l0x_api.o
                0x0800f874                VL53L0X_GetSequenceStepEnables
 .text.VL53L0X_GetSequenceStepTimeout
                0x0800f924       0x80 ./Sensors/ToFSensor/vl53l0x/vl53l0x_api.o
                0x0800f924                VL53L0X_GetSequenceStepTimeout
 .text.VL53L0X_GetInterMeasurementPeriodMilliSeconds
                0x0800f9a4       0x68 ./Sensors/ToFSensor/vl53l0x/vl53l0x_api.o
                0x0800f9a4                VL53L0X_GetInterMeasurementPeriodMilliSeconds
 .text.VL53L0X_GetXTalkCompensationEnable
                0x0800fa0c       0x2a ./Sensors/ToFSensor/vl53l0x/vl53l0x_api.o
                0x0800fa0c                VL53L0X_GetXTalkCompensationEnable
 .text.VL53L0X_GetXTalkCompensationRateMegaCps
                0x0800fa36       0x66 ./Sensors/ToFSensor/vl53l0x/vl53l0x_api.o
                0x0800fa36                VL53L0X_GetXTalkCompensationRateMegaCps
 .text.VL53L0X_SetLimitCheckEnable
                0x0800fa9c      0x118 ./Sensors/ToFSensor/vl53l0x/vl53l0x_api.o
                0x0800fa9c                VL53L0X_SetLimitCheckEnable
 .text.VL53L0X_GetLimitCheckEnable
                0x0800fbb4       0x46 ./Sensors/ToFSensor/vl53l0x/vl53l0x_api.o
                0x0800fbb4                VL53L0X_GetLimitCheckEnable
 *fill*         0x0800fbfa        0x2 
 .text.VL53L0X_SetLimitCheckValue
                0x0800fbfc       0xc4 ./Sensors/ToFSensor/vl53l0x/vl53l0x_api.o
                0x0800fbfc                VL53L0X_SetLimitCheckValue
 .text.VL53L0X_GetLimitCheckValue
                0x0800fcc0      0x11c ./Sensors/ToFSensor/vl53l0x/vl53l0x_api.o
                0x0800fcc0                VL53L0X_GetLimitCheckValue
 .text.VL53L0X_GetWrapAroundCheckEnable
                0x0800fddc       0x64 ./Sensors/ToFSensor/vl53l0x/vl53l0x_api.o
                0x0800fddc                VL53L0X_GetWrapAroundCheckEnable
 .text.VL53L0X_PerformSingleMeasurement
                0x0800fe40       0x68 ./Sensors/ToFSensor/vl53l0x/vl53l0x_api.o
                0x0800fe40                VL53L0X_PerformSingleMeasurement
 .text.VL53L0X_PerformRefCalibration
                0x0800fea8       0x2c ./Sensors/ToFSensor/vl53l0x/vl53l0x_api.o
                0x0800fea8                VL53L0X_PerformRefCalibration
 .text.VL53L0X_CheckAndLoadInterruptSettings
                0x0800fed4       0xcc ./Sensors/ToFSensor/vl53l0x/vl53l0x_api.o
                0x0800fed4                VL53L0X_CheckAndLoadInterruptSettings
 .text.VL53L0X_StartMeasurement
                0x0800ffa0      0x118 ./Sensors/ToFSensor/vl53l0x/vl53l0x_api.o
                0x0800ffa0                VL53L0X_StartMeasurement
 .text.VL53L0X_GetMeasurementDataReady
                0x080100b8       0x80 ./Sensors/ToFSensor/vl53l0x/vl53l0x_api.o
                0x080100b8                VL53L0X_GetMeasurementDataReady
 .text.VL53L0X_GetRangingMeasurementData
                0x08010138      0x238 ./Sensors/ToFSensor/vl53l0x/vl53l0x_api.o
                0x08010138                VL53L0X_GetRangingMeasurementData
 .text.VL53L0X_PerformSingleRangingMeasurement
                0x08010370       0x60 ./Sensors/ToFSensor/vl53l0x/vl53l0x_api.o
                0x08010370                VL53L0X_PerformSingleRangingMeasurement
 .text.VL53L0X_SetGpioConfig
                0x080103d0      0x244 ./Sensors/ToFSensor/vl53l0x/vl53l0x_api.o
                0x080103d0                VL53L0X_SetGpioConfig
 .text.VL53L0X_GetInterruptThresholds
                0x08010614       0x68 ./Sensors/ToFSensor/vl53l0x/vl53l0x_api.o
                0x08010614                VL53L0X_GetInterruptThresholds
 .text.VL53L0X_ClearInterruptMask
                0x0801067c       0x80 ./Sensors/ToFSensor/vl53l0x/vl53l0x_api.o
                0x0801067c                VL53L0X_ClearInterruptMask
 .text.VL53L0X_GetInterruptMaskStatus
                0x080106fc       0x44 ./Sensors/ToFSensor/vl53l0x/vl53l0x_api.o
                0x080106fc                VL53L0X_GetInterruptMaskStatus
 .text.VL53L0X_get_offset_calibration_data_micro_meter
                0x08010740       0x7e ./Sensors/ToFSensor/vl53l0x/vl53l0x_api_calibration.o
                0x08010740                VL53L0X_get_offset_calibration_data_micro_meter
 .text.get_next_good_spad
                0x080107be       0xbc ./Sensors/ToFSensor/vl53l0x/vl53l0x_api_calibration.o
                0x080107be                get_next_good_spad
 *fill*         0x0801087a        0x2 
 .text.is_aperture
                0x0801087c       0x34 ./Sensors/ToFSensor/vl53l0x/vl53l0x_api_calibration.o
                0x0801087c                is_aperture
 .text.enable_spad_bit
                0x080108b0       0x72 ./Sensors/ToFSensor/vl53l0x/vl53l0x_api_calibration.o
                0x080108b0                enable_spad_bit
 .text.set_ref_spad_map
                0x08010922       0x26 ./Sensors/ToFSensor/vl53l0x/vl53l0x_api_calibration.o
                0x08010922                set_ref_spad_map
 .text.get_ref_spad_map
                0x08010948       0x26 ./Sensors/ToFSensor/vl53l0x/vl53l0x_api_calibration.o
                0x08010948                get_ref_spad_map
 .text.enable_ref_spads
                0x0801096e       0xfa ./Sensors/ToFSensor/vl53l0x/vl53l0x_api_calibration.o
                0x0801096e                enable_ref_spads
 .text.perform_ref_signal_measurement
                0x08010a68       0xd4 ./Sensors/ToFSensor/vl53l0x/vl53l0x_api_calibration.o
                0x08010a68                perform_ref_signal_measurement
 .text.VL53L0X_perform_ref_spad_management
                0x08010b3c      0x418 ./Sensors/ToFSensor/vl53l0x/vl53l0x_api_calibration.o
                0x08010b3c                VL53L0X_perform_ref_spad_management
 .text.VL53L0X_set_reference_spads
                0x08010f54      0x14a ./Sensors/ToFSensor/vl53l0x/vl53l0x_api_calibration.o
                0x08010f54                VL53L0X_set_reference_spads
 .text.VL53L0X_perform_single_ref_calibration
                0x0801109e       0x76 ./Sensors/ToFSensor/vl53l0x/vl53l0x_api_calibration.o
                0x0801109e                VL53L0X_perform_single_ref_calibration
 .text.VL53L0X_ref_calibration_io
                0x08011114      0x132 ./Sensors/ToFSensor/vl53l0x/vl53l0x_api_calibration.o
                0x08011114                VL53L0X_ref_calibration_io
 .text.VL53L0X_perform_vhv_calibration
                0x08011246       0xce ./Sensors/ToFSensor/vl53l0x/vl53l0x_api_calibration.o
                0x08011246                VL53L0X_perform_vhv_calibration
 .text.VL53L0X_perform_phase_calibration
                0x08011314       0xca ./Sensors/ToFSensor/vl53l0x/vl53l0x_api_calibration.o
                0x08011314                VL53L0X_perform_phase_calibration
 .text.VL53L0X_perform_ref_calibration
                0x080113de       0x7a ./Sensors/ToFSensor/vl53l0x/vl53l0x_api_calibration.o
                0x080113de                VL53L0X_perform_ref_calibration
 .text.VL53L0X_measurement_poll_for_completion
                0x08011458       0x5e ./Sensors/ToFSensor/vl53l0x/vl53l0x_api_core.o
                0x08011458                VL53L0X_measurement_poll_for_completion
 .text.VL53L0X_decode_vcsel_period
                0x080114b6       0x26 ./Sensors/ToFSensor/vl53l0x/vl53l0x_api_core.o
                0x080114b6                VL53L0X_decode_vcsel_period
 .text.VL53L0X_isqrt
                0x080114dc       0x68 ./Sensors/ToFSensor/vl53l0x/vl53l0x_api_core.o
                0x080114dc                VL53L0X_isqrt
 .text.VL53L0X_device_read_strobe
                0x08011544       0x82 ./Sensors/ToFSensor/vl53l0x/vl53l0x_api_core.o
                0x08011544                VL53L0X_device_read_strobe
 .text.VL53L0X_get_info_from_device
                0x080115c6      0x99a ./Sensors/ToFSensor/vl53l0x/vl53l0x_api_core.o
                0x080115c6                VL53L0X_get_info_from_device
 .text.VL53L0X_calc_macro_period_ps
                0x08011f60       0x3c ./Sensors/ToFSensor/vl53l0x/vl53l0x_api_core.o
                0x08011f60                VL53L0X_calc_macro_period_ps
 .text.VL53L0X_encode_timeout
                0x08011f9c       0x54 ./Sensors/ToFSensor/vl53l0x/vl53l0x_api_core.o
                0x08011f9c                VL53L0X_encode_timeout
 .text.VL53L0X_decode_timeout
                0x08011ff0       0x2c ./Sensors/ToFSensor/vl53l0x/vl53l0x_api_core.o
                0x08011ff0                VL53L0X_decode_timeout
 .text.VL53L0X_calc_timeout_mclks
                0x0801201c       0x54 ./Sensors/ToFSensor/vl53l0x/vl53l0x_api_core.o
                0x0801201c                VL53L0X_calc_timeout_mclks
 .text.VL53L0X_calc_timeout_us
                0x08012070       0x58 ./Sensors/ToFSensor/vl53l0x/vl53l0x_api_core.o
                0x08012070                VL53L0X_calc_timeout_us
 .text.get_sequence_step_timeout
                0x080120c8      0x1c0 ./Sensors/ToFSensor/vl53l0x/vl53l0x_api_core.o
                0x080120c8                get_sequence_step_timeout
 .text.set_sequence_step_timeout
                0x08012288      0x1e8 ./Sensors/ToFSensor/vl53l0x/vl53l0x_api_core.o
                0x08012288                set_sequence_step_timeout
 .text.VL53L0X_get_vcsel_pulse_period
                0x08012470       0x6e ./Sensors/ToFSensor/vl53l0x/vl53l0x_api_core.o
                0x08012470                VL53L0X_get_vcsel_pulse_period
 .text.VL53L0X_set_measurement_timing_budget_micro_seconds
                0x080124de      0x1c0 ./Sensors/ToFSensor/vl53l0x/vl53l0x_api_core.o
                0x080124de                VL53L0X_set_measurement_timing_budget_micro_seconds
 .text.VL53L0X_get_measurement_timing_budget_micro_seconds
                0x0801269e      0x162 ./Sensors/ToFSensor/vl53l0x/vl53l0x_api_core.o
                0x0801269e                VL53L0X_get_measurement_timing_budget_micro_seconds
 .text.VL53L0X_load_tuning_settings
                0x08012800      0x1c4 ./Sensors/ToFSensor/vl53l0x/vl53l0x_api_core.o
                0x08012800                VL53L0X_load_tuning_settings
 .text.VL53L0X_get_total_xtalk_rate
                0x080129c4       0x5e ./Sensors/ToFSensor/vl53l0x/vl53l0x_api_core.o
                0x080129c4                VL53L0X_get_total_xtalk_rate
 .text.VL53L0X_get_total_signal_rate
                0x08012a22       0x4a ./Sensors/ToFSensor/vl53l0x/vl53l0x_api_core.o
                0x08012a22                VL53L0X_get_total_signal_rate
 .text.VL53L0X_calc_dmax
                0x08012a6c      0x238 ./Sensors/ToFSensor/vl53l0x/vl53l0x_api_core.o
                0x08012a6c                VL53L0X_calc_dmax
 .text.VL53L0X_calc_sigma_estimate
                0x08012ca4      0x420 ./Sensors/ToFSensor/vl53l0x/vl53l0x_api_core.o
                0x08012ca4                VL53L0X_calc_sigma_estimate
 .text.VL53L0X_get_pal_range_status
                0x080130c4      0x3b6 ./Sensors/ToFSensor/vl53l0x/vl53l0x_api_core.o
                0x080130c4                VL53L0X_get_pal_range_status
 .text.VL53L0X_check_part_used
                0x0801347a       0x6c ./Sensors/ToFSensor/vl53l0x/vl53l0x_api_strings.o
                0x0801347a                VL53L0X_check_part_used
 *fill*         0x080134e6        0x2 
 .text.VL53L0X_get_device_info
                0x080134e8      0x108 ./Sensors/ToFSensor/vl53l0x/vl53l0x_api_strings.o
                0x080134e8                VL53L0X_get_device_info
 .text._I2CWrite
                0x080135f0       0x46 ./Sensors/ToFSensor/vl53l0x/vl53l0x_tof.o
                0x080135f0                _I2CWrite
 .text._I2CRead
                0x08013636       0x4c ./Sensors/ToFSensor/vl53l0x/vl53l0x_tof.o
                0x08013636                _I2CRead
 .text.VL53L0X_RdByte
                0x08013682       0x58 ./Sensors/ToFSensor/vl53l0x/vl53l0x_tof.o
                0x08013682                VL53L0X_RdByte
 *fill*         0x080136da        0x2 
 .text.VL53L0X_WriteMulti
                0x080136dc       0x60 ./Sensors/ToFSensor/vl53l0x/vl53l0x_tof.o
                0x080136dc                VL53L0X_WriteMulti
 .text.VL53L0X_ReadMulti
                0x0801373c       0x5a ./Sensors/ToFSensor/vl53l0x/vl53l0x_tof.o
                0x0801373c                VL53L0X_ReadMulti
 *fill*         0x08013796        0x2 
 .text.VL53L0X_RdWord
                0x08013798       0x70 ./Sensors/ToFSensor/vl53l0x/vl53l0x_tof.o
                0x08013798                VL53L0X_RdWord
 .text.VL53L0X_RdDWord
                0x08013808       0x7c ./Sensors/ToFSensor/vl53l0x/vl53l0x_tof.o
                0x08013808                VL53L0X_RdDWord
 .text.VL53L0X_WrByte
                0x08013884       0x48 ./Sensors/ToFSensor/vl53l0x/vl53l0x_tof.o
                0x08013884                VL53L0X_WrByte
 .text.VL53L0X_WrWord
                0x080138cc       0x58 ./Sensors/ToFSensor/vl53l0x/vl53l0x_tof.o
                0x080138cc                VL53L0X_WrWord
 .text.VL53L0X_UpdateByte
                0x08013924       0x68 ./Sensors/ToFSensor/vl53l0x/vl53l0x_tof.o
                0x08013924                VL53L0X_UpdateByte
 .text.VL53L0X_PollingDelay
                0x0801398c       0x1e ./Sensors/ToFSensor/vl53l0x/vl53l0x_tof.o
                0x0801398c                VL53L0X_PollingDelay
 *fill*         0x080139aa        0x2 
 .text.vl53l0x_initialize
                0x080139ac       0xb8 ./Sensors/ToFSensor/vl53l0x.o
                0x080139ac                vl53l0x_initialize
 .text.SetupContinousIntMeasurement
                0x08013a64      0x11c ./Sensors/ToFSensor/vl53l0x.o
                0x08013a64                SetupContinousIntMeasurement
 .text.memcmp   0x08013b80       0x20 C:/ST/STM32CubeIDE_1.19.0/STM32CubeIDE/plugins/com.st.stm32cube.ide.mcu.externaltools.gnu-tools-for-stm32.13.3.rel1.win32_1.0.0.202411081344/tools/bin/../lib/gcc/arm-none-eabi/13.3.1/../../../../arm-none-eabi/lib/thumb/v7e-m+fp/hard\libc_nano.a(libc_a-memcmp.o)
                0x08013b80                memcmp
 .text.memset   0x08013ba0       0x10 C:/ST/STM32CubeIDE_1.19.0/STM32CubeIDE/plugins/com.st.stm32cube.ide.mcu.externaltools.gnu-tools-for-stm32.13.3.rel1.win32_1.0.0.202411081344/tools/bin/../lib/gcc/arm-none-eabi/13.3.1/../../../../arm-none-eabi/lib/thumb/v7e-m+fp/hard\libc_nano.a(libc_a-memset.o)
                0x08013ba0                memset
 .text._reclaim_reent
                0x08013bb0       0xbc C:/ST/STM32CubeIDE_1.19.0/STM32CubeIDE/plugins/com.st.stm32cube.ide.mcu.externaltools.gnu-tools-for-stm32.13.3.rel1.win32_1.0.0.202411081344/tools/bin/../lib/gcc/arm-none-eabi/13.3.1/../../../../arm-none-eabi/lib/thumb/v7e-m+fp/hard\libc_nano.a(libc_a-reent.o)
                0x08013bb0                _reclaim_reent
 .text.__libc_init_array
                0x08013c6c       0x48 C:/ST/STM32CubeIDE_1.19.0/STM32CubeIDE/plugins/com.st.stm32cube.ide.mcu.externaltools.gnu-tools-for-stm32.13.3.rel1.win32_1.0.0.202411081344/tools/bin/../lib/gcc/arm-none-eabi/13.3.1/../../../../arm-none-eabi/lib/thumb/v7e-m+fp/hard\libc_nano.a(libc_a-init.o)
                0x08013c6c                __libc_init_array
 .text.__retarget_lock_acquire_recursive
                0x08013cb4        0x2 C:/ST/STM32CubeIDE_1.19.0/STM32CubeIDE/plugins/com.st.stm32cube.ide.mcu.externaltools.gnu-tools-for-stm32.13.3.rel1.win32_1.0.0.202411081344/tools/bin/../lib/gcc/arm-none-eabi/13.3.1/../../../../arm-none-eabi/lib/thumb/v7e-m+fp/hard\libc_nano.a(libc_a-lock.o)
                0x08013cb4                __retarget_lock_acquire_recursive
 .text.__retarget_lock_release_recursive
                0x08013cb6        0x2 C:/ST/STM32CubeIDE_1.19.0/STM32CubeIDE/plugins/com.st.stm32cube.ide.mcu.externaltools.gnu-tools-for-stm32.13.3.rel1.win32_1.0.0.202411081344/tools/bin/../lib/gcc/arm-none-eabi/13.3.1/../../../../arm-none-eabi/lib/thumb/v7e-m+fp/hard\libc_nano.a(libc_a-lock.o)
                0x08013cb6                __retarget_lock_release_recursive
 .text.strcpy   0x08013cb8       0x10 C:/ST/STM32CubeIDE_1.19.0/STM32CubeIDE/plugins/com.st.stm32cube.ide.mcu.externaltools.gnu-tools-for-stm32.13.3.rel1.win32_1.0.0.202411081344/tools/bin/../lib/gcc/arm-none-eabi/13.3.1/../../../../arm-none-eabi/lib/thumb/v7e-m+fp/hard\libc_nano.a(libc_a-strcpy.o)
                0x08013cb8                strcpy
 .text.memcpy   0x08013cc8       0x1c C:/ST/STM32CubeIDE_1.19.0/STM32CubeIDE/plugins/com.st.stm32cube.ide.mcu.externaltools.gnu-tools-for-stm32.13.3.rel1.win32_1.0.0.202411081344/tools/bin/../lib/gcc/arm-none-eabi/13.3.1/../../../../arm-none-eabi/lib/thumb/v7e-m+fp/hard\libc_nano.a(libc_a-memcpy-stub.o)
                0x08013cc8                memcpy
 .text._free_r  0x08013ce4       0x94 C:/ST/STM32CubeIDE_1.19.0/STM32CubeIDE/plugins/com.st.stm32cube.ide.mcu.externaltools.gnu-tools-for-stm32.13.3.rel1.win32_1.0.0.202411081344/tools/bin/../lib/gcc/arm-none-eabi/13.3.1/../../../../arm-none-eabi/lib/thumb/v7e-m+fp/hard\libc_nano.a(libc_a-freer.o)
                0x08013ce4                _free_r
 .text.__malloc_lock
                0x08013d78        0xc C:/ST/STM32CubeIDE_1.19.0/STM32CubeIDE/plugins/com.st.stm32cube.ide.mcu.externaltools.gnu-tools-for-stm32.13.3.rel1.win32_1.0.0.202411081344/tools/bin/../lib/gcc/arm-none-eabi/13.3.1/../../../../arm-none-eabi/lib/thumb/v7e-m+fp/hard\libc_nano.a(libc_a-mlock.o)
                0x08013d78                __malloc_lock
 .text.__malloc_unlock
                0x08013d84        0xc C:/ST/STM32CubeIDE_1.19.0/STM32CubeIDE/plugins/com.st.stm32cube.ide.mcu.externaltools.gnu-tools-for-stm32.13.3.rel1.win32_1.0.0.202411081344/tools/bin/../lib/gcc/arm-none-eabi/13.3.1/../../../../arm-none-eabi/lib/thumb/v7e-m+fp/hard\libc_nano.a(libc_a-mlock.o)
                0x08013d84                __malloc_unlock
 *(.glue_7)
 .glue_7        0x08013d90        0x0 linker stubs
 *(.glue_7t)
 .glue_7t       0x08013d90        0x0 linker stubs
 *(.eh_frame)
 .eh_frame      0x08013d90        0x0 C:/ST/STM32CubeIDE_1.19.0/STM32CubeIDE/plugins/com.st.stm32cube.ide.mcu.externaltools.gnu-tools-for-stm32.13.3.rel1.win32_1.0.0.202411081344/tools/bin/../lib/gcc/arm-none-eabi/13.3.1/thumb/v7e-m+fp/hard/crtbegin.o
 *(.init)
 .init          0x08013d90        0x4 C:/ST/STM32CubeIDE_1.19.0/STM32CubeIDE/plugins/com.st.stm32cube.ide.mcu.externaltools.gnu-tools-for-stm32.13.3.rel1.win32_1.0.0.202411081344/tools/bin/../lib/gcc/arm-none-eabi/13.3.1/thumb/v7e-m+fp/hard/crti.o
                0x08013d90                _init
 .init          0x08013d94        0x8 C:/ST/STM32CubeIDE_1.19.0/STM32CubeIDE/plugins/com.st.stm32cube.ide.mcu.externaltools.gnu-tools-for-stm32.13.3.rel1.win32_1.0.0.202411081344/tools/bin/../lib/gcc/arm-none-eabi/13.3.1/thumb/v7e-m+fp/hard/crtn.o
 *(.fini)
 .fini          0x08013d9c        0x4 C:/ST/STM32CubeIDE_1.19.0/STM32CubeIDE/plugins/com.st.stm32cube.ide.mcu.externaltools.gnu-tools-for-stm32.13.3.rel1.win32_1.0.0.202411081344/tools/bin/../lib/gcc/arm-none-eabi/13.3.1/thumb/v7e-m+fp/hard/crti.o
                0x08013d9c                _fini
 .fini          0x08013da0        0x8 C:/ST/STM32CubeIDE_1.19.0/STM32CubeIDE/plugins/com.st.stm32cube.ide.mcu.externaltools.gnu-tools-for-stm32.13.3.rel1.win32_1.0.0.202411081344/tools/bin/../lib/gcc/arm-none-eabi/13.3.1/thumb/v7e-m+fp/hard/crtn.o
                0x08013da8                        . = ALIGN (0x4)
                0x08013da8                        _etext = .

.vfp11_veneer   0x08013da8        0x0
 .vfp11_veneer  0x08013da8        0x0 linker stubs

.v4_bx          0x08013da8        0x0
 .v4_bx         0x08013da8        0x0 linker stubs

.iplt           0x08013da8        0x0
 .iplt          0x08013da8        0x0 C:/ST/STM32CubeIDE_1.19.0/STM32CubeIDE/plugins/com.st.stm32cube.ide.mcu.externaltools.gnu-tools-for-stm32.13.3.rel1.win32_1.0.0.202411081344/tools/bin/../lib/gcc/arm-none-eabi/13.3.1/thumb/v7e-m+fp/hard/crtbegin.o

.rodata         0x08013da8      0x8e4
                0x08013da8                        . = ALIGN (0x4)
 *(.rodata)
 .rodata        0x08013da8       0xa5 ./Core/Src/main.o
 *fill*         0x08013e4d        0x3 
 .rodata        0x08013e50       0x24 ./Core/Src/stm32l4xx_it.o
 .rodata        0x08013e74       0x30 ./Middlewares/Third_Party/FreeRTOS/Source/tasks.o
 .rodata        0x08013ea4        0xd ./Middlewares/Third_Party/FreeRTOS/Source/timers.o
 *fill*         0x08013eb1        0x3 
 .rodata        0x08013eb4        0x9 ./Middlewares/Third_Party/Segger/SEGGER_RTT.o
 *fill*         0x08013ebd        0x3 
 .rodata        0x08013ec0       0x10 ./Middlewares/Third_Party/Segger/SEGGER_SYSVIEW.o
 .rodata        0x08013ed0       0xc2 ./Middlewares/Third_Party/Segger/SEGGER_SYSVIEW_Config_FreeRTOS.o