../Middlewares/Third_Party/FreeRTOS/Source/tasks 2.c:1254:20:prvCreateStaticTask	64	static,ignoring_inline_asm
../Middlewares/Third_Party/FreeRTOS/Source/tasks 2.c:1309:18:xTaskCreateStatic	48	static
../Middlewares/Third_Party/FreeRTOS/Source/tasks 2.c:1620:20:prvCreateTask	48	static
../Middlewares/Third_Party/FreeRTOS/Source/tasks 2.c:1718:16:xTaskCreate	40	static
../Middlewares/Third_Party/FreeRTOS/Source/tasks 2.c:1793:13:prvInitialiseNewTask	40	static,ignoring_inline_asm
../Middlewares/Third_Party/FreeRTOS/Source/tasks 2.c:2019:17:prvAddNewTaskToReadyList	40	static,ignoring_inline_asm
../Middlewares/Third_Party/FreeRTOS/Source/tasks 2.c:2158:19:prvSnprintfReturnValueToCharsWritten	24	static
../Middlewares/Third_Party/FreeRTOS/Source/tasks 2.c:2191:10:vTaskDelete	32	static,ignoring_inline_asm
../Middlewares/Third_Party/FreeRTOS/Source/tasks 2.c:2343:16:xTaskDelayUntil	48	static,ignoring_inline_asm
../Middlewares/Third_Party/FreeRTOS/Source/tasks 2.c:2435:10:vTaskDelay	24	static,ignoring_inline_asm
../Middlewares/Third_Party/FreeRTOS/Source/tasks 2.c:2485:16:eTaskGetState	48	static,ignoring_inline_asm
../Middlewares/Third_Party/FreeRTOS/Source/tasks 2.c:2617:17:uxTaskPriorityGet	24	static
../Middlewares/Third_Party/FreeRTOS/Source/tasks 2.c:2643:17:uxTaskPriorityGetFromISR	40	static,ignoring_inline_asm
../Middlewares/Third_Party/FreeRTOS/Source/tasks 2.c:2691:17:uxTaskBasePriorityGet	24	static
../Middlewares/Third_Party/FreeRTOS/Source/tasks 2.c:2717:17:uxTaskBasePriorityGetFromISR	40	static,ignoring_inline_asm
../Middlewares/Third_Party/FreeRTOS/Source/tasks 2.c:2765:10:vTaskPrioritySet	48	static,ignoring_inline_asm
../Middlewares/Third_Party/FreeRTOS/Source/tasks 2.c:3121:10:vTaskSuspend	32	static,ignoring_inline_asm
../Middlewares/Third_Party/FreeRTOS/Source/tasks 2.c:3283:23:prvTaskIsTaskSuspended	32	static,ignoring_inline_asm
../Middlewares/Third_Party/FreeRTOS/Source/tasks 2.c:3353:10:vTaskResume	32	static,ignoring_inline_asm
../Middlewares/Third_Party/FreeRTOS/Source/tasks 2.c:3414:16:xTaskResumeFromISR	48	static,ignoring_inline_asm
../Middlewares/Third_Party/FreeRTOS/Source/tasks 2.c:3511:19:prvCreateIdleTasks	72	static
../Middlewares/Third_Party/FreeRTOS/Source/tasks 2.c:3665:6:vTaskStartScheduler	24	static,ignoring_inline_asm
../Middlewares/Third_Party/FreeRTOS/Source/tasks 2.c:3768:6:vTaskEndScheduler	16	static,ignoring_inline_asm
../Middlewares/Third_Party/FreeRTOS/Source/tasks 2.c:3811:6:vTaskSuspendAll	8	static,ignoring_inline_asm
../Middlewares/Third_Party/FreeRTOS/Source/tasks 2.c:3956:12:xTaskResumeAll	40	static,ignoring_inline_asm
../Middlewares/Third_Party/FreeRTOS/Source/tasks 2.c:4106:12:xTaskGetTickCount	16	static
../Middlewares/Third_Party/FreeRTOS/Source/tasks 2.c:4125:12:xTaskGetTickCountFromISR	16	static
../Middlewares/Third_Party/FreeRTOS/Source/tasks 2.c:4160:13:uxTaskGetNumberOfTasks	8	static
../Middlewares/Third_Party/FreeRTOS/Source/tasks 2.c:4172:8:pcTaskGetName	24	static,ignoring_inline_asm
../Middlewares/Third_Party/FreeRTOS/Source/tasks 2.c:4331:16:xTaskGetStaticBuffers	40	static,ignoring_inline_asm
../Middlewares/Third_Party/FreeRTOS/Source/tasks 2.c:4385:17:uxTaskGetSystemState	32	static
../Middlewares/Third_Party/FreeRTOS/Source/tasks 2.c:4546:12:xTaskCatchUpTicks	24	static,ignoring_inline_asm
../Middlewares/Third_Party/FreeRTOS/Source/tasks 2.c:4670:12:xTaskIncrementTick	48	static,ignoring_inline_asm
../Middlewares/Third_Party/FreeRTOS/Source/tasks 2.c:5056:10:vTaskSwitchContext	24	static,ignoring_inline_asm
../Middlewares/Third_Party/FreeRTOS/Source/tasks 2.c:5243:6:vTaskPlaceOnEventList	24	static,ignoring_inline_asm
../Middlewares/Third_Party/FreeRTOS/Source/tasks 2.c:5272:6:vTaskPlaceOnUnorderedEventList	40	static,ignoring_inline_asm
../Middlewares/Third_Party/FreeRTOS/Source/tasks 2.c:5304:10:vTaskPlaceOnEventListRestricted	32	static,ignoring_inline_asm
../Middlewares/Third_Party/FreeRTOS/Source/tasks 2.c:5341:12:xTaskRemoveFromEventList	48	static,ignoring_inline_asm
../Middlewares/Third_Party/FreeRTOS/Source/tasks 2.c:5434:6:vTaskRemoveFromUnorderedEventList	40	static,ignoring_inline_asm
../Middlewares/Third_Party/FreeRTOS/Source/tasks 2.c:5506:6:vTaskSetTimeOutState	24	static,ignoring_inline_asm
../Middlewares/Third_Party/FreeRTOS/Source/tasks 2.c:5522:6:vTaskInternalSetTimeOutState	16	static
../Middlewares/Third_Party/FreeRTOS/Source/tasks 2.c:5534:12:xTaskCheckForTimeOut	40	static,ignoring_inline_asm
../Middlewares/Third_Party/FreeRTOS/Source/tasks 2.c:5603:6:vTaskMissedYield	8	static
../Middlewares/Third_Party/FreeRTOS/Source/tasks 2.c:5616:17:uxTaskGetTaskNumber	24	static
../Middlewares/Third_Party/FreeRTOS/Source/tasks 2.c:5643:10:vTaskSetTaskNumber	24	static
../Middlewares/Third_Party/FreeRTOS/Source/tasks 2.c:5748:8:prvIdleTask	16	static,ignoring_inline_asm
../Middlewares/Third_Party/FreeRTOS/Source/tasks 2.c:6011:13:prvInitialiseTaskLists	16	static
../Middlewares/Third_Party/FreeRTOS/Source/tasks 2.c:6043:13:prvCheckTasksWaitingTermination	16	static
../Middlewares/Third_Party/FreeRTOS/Source/tasks 2.c:6121:10:vTaskGetInfo	32	static
../Middlewares/Third_Party/FreeRTOS/Source/tasks 2.c:6268:24:prvListTasksWithinSingleList	40	static
../Middlewares/Third_Party/FreeRTOS/Source/tasks 2.c:6307:35:prvTaskCheckFreeStackSpace	24	static
../Middlewares/Third_Party/FreeRTOS/Source/tasks 2.c:6371:17:uxTaskGetStackHighWaterMark	32	static
../Middlewares/Third_Party/FreeRTOS/Source/tasks 2.c:6403:17:prvDeleteTCB	24	static,ignoring_inline_asm
../Middlewares/Third_Party/FreeRTOS/Source/tasks 2.c:6456:13:prvResetNextTaskUnblockTime	4	static
../Middlewares/Third_Party/FreeRTOS/Source/tasks 2.c:6480:22:xTaskGetCurrentTaskHandle	16	static
../Middlewares/Third_Party/FreeRTOS/Source/tasks 2.c:6515:18:xTaskGetCurrentTaskHandleForCore	24	static
../Middlewares/Third_Party/FreeRTOS/Source/tasks 2.c:6540:16:xTaskGetSchedulerState	16	static
../Middlewares/Third_Party/FreeRTOS/Source/tasks 2.c:6580:16:xTaskPriorityInherit	32	static
../Middlewares/Third_Party/FreeRTOS/Source/tasks 2.c:6683:16:xTaskPriorityDisinherit	40	static,ignoring_inline_asm
../Middlewares/Third_Party/FreeRTOS/Source/tasks 2.c:6777:10:vTaskPriorityDisinheritAfterTimeout	48	static,ignoring_inline_asm
../Middlewares/Third_Party/FreeRTOS/Source/tasks 2.c:7186:19:prvWriteNameToBuffer	24	static
../Middlewares/Third_Party/FreeRTOS/Source/tasks 2.c:7213:10:vTaskListTasks	72	static
../Middlewares/Third_Party/FreeRTOS/Source/tasks 2.c:7383:10:vTaskGetRunTimeStatistics	64	static
../Middlewares/Third_Party/FreeRTOS/Source/tasks 2.c:7569:12:uxTaskResetEventItemValue	16	static
../Middlewares/Third_Party/FreeRTOS/Source/tasks 2.c:7589:18:pvTaskIncrementMutexHeldCount	16	static
../Middlewares/Third_Party/FreeRTOS/Source/tasks 2.c:7614:14:ulTaskGenericNotifyTake	40	static,ignoring_inline_asm
../Middlewares/Third_Party/FreeRTOS/Source/tasks 2.c:7717:16:xTaskGenericNotifyWait	40	static,ignoring_inline_asm
../Middlewares/Third_Party/FreeRTOS/Source/tasks 2.c:7832:16:xTaskGenericNotify	64	static,ignoring_inline_asm
../Middlewares/Third_Party/FreeRTOS/Source/tasks 2.c:7952:16:xTaskGenericNotifyFromISR	80	static,ignoring_inline_asm
../Middlewares/Third_Party/FreeRTOS/Source/tasks 2.c:8118:10:vTaskGenericNotifyGiveFromISR	72	static,ignoring_inline_asm
../Middlewares/Third_Party/FreeRTOS/Source/tasks 2.c:8234:16:xTaskGenericNotifyStateClear	32	static,ignoring_inline_asm
../Middlewares/Third_Party/FreeRTOS/Source/tasks 2.c:8272:14:ulTaskGenericNotifyValueClear	40	static,ignoring_inline_asm
../Middlewares/Third_Party/FreeRTOS/Source/tasks 2.c:8306:33:ulTaskGetRunTimeCounter	24	static
../Middlewares/Third_Party/FreeRTOS/Source/tasks 2.c:8324:33:ulTaskGetRunTimePercent	32	static
../Middlewares/Third_Party/FreeRTOS/Source/tasks 2.c:8415:13:prvAddCurrentTaskToDelayedList	40	static
../Middlewares/Third_Party/FreeRTOS/Source/tasks 2.c:8645:6:vTaskResetState	16	static
