../Core/Src/main.c:177:5:main	8	static
../Core/Src/main.c:298:6:SystemClock_Config	96	static
../Core/Src/main.c:349:13:MX_I2C2_Init	8	static
../Core/Src/main.c:397:13:MX_USART1_UART_Init	8	static
../Core/Src/main.c:443:13:MX_DMA_Init	16	static
../Core/Src/main.c:471:13:MX_GPIO_Init	48	static
../Core/Src/main.c:541:6:StartDefaultTask	16	static
../Core/Src/main.c:559:6:IMU_Task	24	static
../Core/Src/main.c:586:6:Magneto_Task	24	static
../Core/Src/main.c:613:6:ToF_Task	24	static
../Core/Src/main.c:640:6:Baro_Task	24	static
../Core/Src/main.c:667:6:Humidity_Task	24	static
../Core/Src/main.c:693:6:Init_Task	16	static
../Core/Src/main.c:721:6:Data_Transmit_Task	16	static
../Core/Src/main.c:770:6:Data_Filter_Task	88	static
../Core/Src/main.c:791:6:HAL_TIM_PeriodElapsedCallback	16	static
../Core/Src/main.c:809:6:Error_Handler	4	static,ignoring_inline_asm
